<html>
<body>
<pre>
<h1>µVision Build Log</h1>
<h2>Tool Versions:</h2>
IDE-Version: ¦ÌVision V5.36.0.0
Copyright (C) 2021 ARM Ltd and ARM Germany GmbH. All rights reserved.
License Information: sadf Orion, wf, LIC=8VRJ7-E7EFF-HLVCL-0I3JS-HGE9H-50784
 
Tool Versions:
Toolchain:       MDK-ARM Plus  Version: 5.36.0.0
Toolchain Path:  D:\Keil5\ARM\ARMCC\Bin
C Compiler:      Armcc.exe V5.06 update 7 (build 960)
Assembler:       Armasm.exe V5.06 update 7 (build 960)
Linker/Locator:  ArmLink.exe V5.06 update 7 (build 960)
Library Manager: ArmAr.exe V5.06 update 7 (build 960)
Hex Converter:   FromElf.exe V5.06 update 7 (build 960)
CPU DLL:         SARMCM3.DLL V5.36.0.0
Dialog DLL:      DCM.DLL V1.17.3.0
Target DLL:      STLink\ST-LINKIII-KEIL_SWO.dll V3.0.9.0
Dialog DLL:      TCM.DLL V1.53.0.0
 
<h2>Project:</h2>
D:\project_store\smartbrand\brandv2_ÎåÏò°´¼ü\MDK-ARM\brandv1.uvprojx
Project File Date:  11/11/2025

<h2>Output:</h2>
*** Using Compiler 'V5.06 update 7 (build 960)', folder: 'D:\Keil5\ARM\ARMCC\Bin'
Build target 'brandv1'
assembling startup_stm32f411xe.s...
compiling gpio.c...
compiling adc.c...
compiling Motor.c...
..\Hardware\Motor.c(12): warning:  #188-D: enumerated type mixed with another type
    HAL_GPIO_WritePin(GPIOB,GPIO_PIN_10,1);
..\Hardware\Motor.c(14): warning:  #188-D: enumerated type mixed with another type
    HAL_GPIO_WritePin(GPIOB,GPIO_PIN_10,0);
..\Hardware\Motor.c: 2 warnings, 0 errors
compiling usart.c...
compiling stm32f4xx_it.c...
compiling main.c...
compiling SHT20.c...
compiling stm32f4xx_hal_msp.c...
compiling Button.c...
..\Hardware\Button.c(145): warning:  #1-D: last line of file ends without a newline
  }
..\Hardware\Button.c: 1 warning, 0 errors
compiling LED.c...
..\Hardware\LED.c(8): warning:  #188-D: enumerated type mixed with another type
          HAL_GPIO_WritePin(LED1_GPIO_Port,LED1_Pin,1);
..\Hardware\LED.c(12): warning:  #188-D: enumerated type mixed with another type
          HAL_GPIO_WritePin(LED1_GPIO_Port,LED1_Pin,0);
..\Hardware\LED.c: 2 warnings, 0 errors
compiling tim.c...
compiling UART.c...
..\Hardware\UART.c(35): warning:  #940-D: missing return statement at end of non-void function "_sys_exit" 
  	} 
..\Hardware\UART.c(43): warning:  #1-D: last line of file ends without a newline
  	#endif
..\Hardware\UART.c: 2 warnings, 0 errors
compiling Timer.c...
compiling MyI2C.c...
linking...
Program Size: Code=16696 RO-data=640 RW-data=36 ZI-data=1972  
FromELF: creating hex file...
"brandv1\brandv1.axf" - 0 Error(s), 7 Warning(s).

<h2>Software Packages used:</h2>

Package Vendor: ARM
                http://www.keil.com/pack/ARM.CMSIS.5.8.0.pack
                ARM.CMSIS.5.8.0
                CMSIS (Common Microcontroller Software Interface Standard)
   * Component: CORE Version: 5.5.0

Package Vendor: Keil
                http://www.keil.com/pack/Keil.STM32F4xx_DFP.2.7.0.pack
                Keil.STM32F4xx_DFP.2.7.0
                STMicroelectronics STM32F4 Series Device Support, Drivers and Examples

<h2>Collection of Component include folders:</h2>
  .\RTE\_brandv1
  D:\Keil5\ARM\CMSIS\5.8.0\CMSIS\Core\Include
  D:\Keil5\Keil\STM32F4xx_DFP\2.7.0\Drivers\CMSIS\Device\ST\STM32F4xx\Include

<h2>Collection of Component Files used:</h2>

   * Component: ARM::CMSIS:CORE:5.5.0
      Include file:  CMSIS\Core\Include\tz_context.h
Build Time Elapsed:  00:00:05
</pre>
</body>
</html>
