Component: ARM Compiler 5.06 update 7 (build 960) Tool: armlink [4d3601]

==============================================================================

Section Cross References

    startup_stm32f411xe.o(STACK) refers (Special) to heapauxi.o(.text) for __use_two_region_memory
    startup_stm32f411xe.o(HEAP) refers (Special) to heapauxi.o(.text) for __use_two_region_memory
    startup_stm32f411xe.o(RESET) refers (Special) to heapauxi.o(.text) for __use_two_region_memory
    startup_stm32f411xe.o(RESET) refers to startup_stm32f411xe.o(STACK) for __initial_sp
    startup_stm32f411xe.o(RESET) refers to startup_stm32f411xe.o(.text) for Reset_Handler
    startup_stm32f411xe.o(RESET) refers to stm32f4xx_it.o(i.NMI_Handler) for NMI_Handler
    startup_stm32f411xe.o(RESET) refers to stm32f4xx_it.o(i.HardFault_Handler) for HardFault_Handler
    startup_stm32f411xe.o(RESET) refers to stm32f4xx_it.o(i.MemManage_Handler) for MemManage_Handler
    startup_stm32f411xe.o(RESET) refers to stm32f4xx_it.o(i.BusFault_Handler) for BusFault_Handler
    startup_stm32f411xe.o(RESET) refers to stm32f4xx_it.o(i.UsageFault_Handler) for UsageFault_Handler
    startup_stm32f411xe.o(RESET) refers to stm32f4xx_it.o(i.SVC_Handler) for SVC_Handler
    startup_stm32f411xe.o(RESET) refers to stm32f4xx_it.o(i.DebugMon_Handler) for DebugMon_Handler
    startup_stm32f411xe.o(RESET) refers to stm32f4xx_it.o(i.PendSV_Handler) for PendSV_Handler
    startup_stm32f411xe.o(RESET) refers to stm32f4xx_it.o(i.SysTick_Handler) for SysTick_Handler
    startup_stm32f411xe.o(RESET) refers to stm32f4xx_it.o(i.TIM1_BRK_TIM9_IRQHandler) for TIM1_BRK_TIM9_IRQHandler
    startup_stm32f411xe.o(RESET) refers to stm32f4xx_it.o(i.USART1_IRQHandler) for USART1_IRQHandler
    startup_stm32f411xe.o(.text) refers (Special) to heapauxi.o(.text) for __use_two_region_memory
    startup_stm32f411xe.o(.text) refers to system_stm32f4xx.o(i.SystemInit) for SystemInit
    startup_stm32f411xe.o(.text) refers to __main.o(!!!main) for __main
    startup_stm32f411xe.o(.text) refers to startup_stm32f411xe.o(HEAP) for Heap_Mem
    startup_stm32f411xe.o(.text) refers to startup_stm32f411xe.o(STACK) for Stack_Mem
    main.o(i.SystemClock_Config) refers to rt_memclr_w.o(.text) for __aeabi_memclr4
    main.o(i.SystemClock_Config) refers to stm32f4xx_hal_rcc.o(i.HAL_RCC_OscConfig) for HAL_RCC_OscConfig
    main.o(i.SystemClock_Config) refers to main.o(i.Error_Handler) for Error_Handler
    main.o(i.SystemClock_Config) refers to stm32f4xx_hal_rcc.o(i.HAL_RCC_ClockConfig) for HAL_RCC_ClockConfig
    main.o(i.main) refers to _printf_percent.o(.ARM.Collect$$_printf_percent$$00000000) for _printf_percent
    main.o(i.main) refers to _printf_d.o(.ARM.Collect$$_printf_percent$$00000009) for _printf_d
    main.o(i.main) refers to _printf_dec.o(.text) for _printf_int_dec
    main.o(i.main) refers to stm32f4xx_hal.o(i.HAL_Init) for HAL_Init
    main.o(i.main) refers to main.o(i.SystemClock_Config) for SystemClock_Config
    main.o(i.main) refers to gpio.o(i.MX_GPIO_Init) for MX_GPIO_Init
    main.o(i.main) refers to usart.o(i.MX_USART1_UART_Init) for MX_USART1_UART_Init
    main.o(i.main) refers to tim.o(i.MX_TIM9_Init) for MX_TIM9_Init
    main.o(i.main) refers to adc.o(i.MX_ADC1_Init) for MX_ADC1_Init
    main.o(i.main) refers to spi.o(i.MX_SPI1_Init) for MX_SPI1_Init
    main.o(i.main) refers to tim.o(i.MX_TIM11_Init) for MX_TIM11_Init
    main.o(i.main) refers to rtc.o(i.MX_RTC_Init) for MX_RTC_Init
    main.o(i.main) refers to sht20.o(i.SHT20_Init) for SHT20_Init
    main.o(i.main) refers to oled.o(i.OLED_Init) for OLED_Init
    main.o(i.main) refers to mpu6050.o(i.MPU6050_Init) for MPU6050_Init
    main.o(i.main) refers to hp6.o(i.HP6_Init) for HP6_Init
    main.o(i.main) refers to stm32f4xx_hal_tim.o(i.HAL_TIM_Base_Start) for HAL_TIM_Base_Start
    main.o(i.main) refers to uart.o(i.UART_SendString) for UART_SendString
    main.o(i.main) refers to hp6.o(i.HP_6_OpenRate) for HP_6_OpenRate
    main.o(i.main) refers to noretval__2printf.o(.text) for __2printf
    main.o(i.main) refers to myrtc.o(i.RTC_SetDateTime) for RTC_SetDateTime
    main.o(i.main) refers to timer.o(i.delay_ms) for delay_ms
    main.o(i.main) refers to myrtc.o(i.RTC_GetDateTime) for RTC_GetDateTime
    main.o(i.main) refers to tim.o(.bss) for htim9
    main.o(i.main) refers to myrtc.o(.data) for date
    gpio.o(i.MX_GPIO_Init) refers to rt_memclr_w.o(.text) for __aeabi_memclr4
    gpio.o(i.MX_GPIO_Init) refers to stm32f4xx_hal_gpio.o(i.HAL_GPIO_WritePin) for HAL_GPIO_WritePin
    gpio.o(i.MX_GPIO_Init) refers to stm32f4xx_hal_gpio.o(i.HAL_GPIO_Init) for HAL_GPIO_Init
    adc.o(i.HAL_ADC_MspDeInit) refers to stm32f4xx_hal_gpio.o(i.HAL_GPIO_DeInit) for HAL_GPIO_DeInit
    adc.o(i.HAL_ADC_MspInit) refers to rt_memclr_w.o(.text) for __aeabi_memclr4
    adc.o(i.HAL_ADC_MspInit) refers to stm32f4xx_hal_gpio.o(i.HAL_GPIO_Init) for HAL_GPIO_Init
[...]
    .text                                    0x08000460   Section        0  __printf_flags_wp.o(.text)
    .text                                    0x08000598   Section        0  strlen.o(.text)
    .text                                    0x080005d6   Section       78  rt_memclr_w.o(.text)
    .text                                    0x08000624   Section        0  heapauxi.o(.text)
    .text                                    0x0800062a   Section        2  use_no_semi.o(.text)
    .text                                    0x0800062c   Section        0  _printf_intcommon.o(.text)
    .text                                    0x080006e0   Section        0  _printf_char_file.o(.text)
    .text                                    0x08000704   Section        0  _printf_char_common.o(.text)
    _printf_input_char                       0x08000705   Thumb Code    10  _printf_char_common.o(.text)
    .text                                    0x08000734   Section        0  ferror.o(.text)
    .text                                    0x0800073c   Section        8  libspace.o(.text)
    .text                                    0x08000744   Section       74  sys_stackheap_outer.o(.text)
    .text                                    0x0800078e   Section        0  exit.o(.text)
    i.ADC_Init                               0x080007a0   Section        0  stm32f4xx_hal_adc.o(i.ADC_Init)
    ADC_Init                                 0x080007a1   Thumb Code   344  stm32f4xx_hal_adc.o(i.ADC_Init)
    i.BusFault_Handler                       0x08000900   Section        0  stm32f4xx_it.o(i.BusFault_Handler)
    i.Crc16                                  0x08000904   Section        0  hp6.o(i.Crc16)
    i.DebugMon_Handler                       0x08000934   Section        0  stm32f4xx_it.o(i.DebugMon_Handler)
    i.Error_Handler                          0x08000936   Section        0  main.o(i.Error_Handler)
    i.Get_ADC_Key_State                      0x0800093c   Section        0  button.o(i.Get_ADC_Key_State)
    Get_ADC_Key_State                        0x0800093d   Thumb Code    78  button.o(i.Get_ADC_Key_State)
    i.Get_ADC_Value                          0x0800098c   Section        0  button.o(i.Get_ADC_Value)
    Get_ADC_Value                            0x0800098d   Thumb Code    38  button.o(i.Get_ADC_Value)
    i.HAL_ADC_ConfigChannel                  0x080009b8   Section        0  stm32f4xx_hal_adc.o(i.HAL_ADC_ConfigChannel)
    i.HAL_ADC_GetValue                       0x08000b5c   Section        0  stm32f4xx_hal_adc.o(i.HAL_ADC_GetValue)
    i.HAL_ADC_Init                           0x08000b64   Section        0  stm32f4xx_hal_adc.o(i.HAL_ADC_Init)
    i.HAL_ADC_MspInit                        0x08000bcc   Section        0  adc.o(i.HAL_ADC_MspInit)
    i.HAL_ADC_PollForConversion              0x08000c4c   Section        0  stm32f4xx_hal_adc.o(i.HAL_ADC_PollForConversion)
    i.HAL_ADC_Start                          0x08000d1c   Section        0  stm32f4xx_hal_adc.o(i.HAL_ADC_Start)
    i.HAL_ADC_Stop                           0x08000e30   Section        0  stm32f4xx_hal_adc.o(i.HAL_ADC_Stop)
    i.HAL_DMA_Abort                          0x08000e78   Section        0  stm32f4xx_hal_dma.o(i.HAL_DMA_Abort)
    i.HAL_DMA_Abort_IT                       0x08000f24   Section        0  stm32f4xx_hal_dma.o(i.HAL_DMA_Abort_IT)
    i.HAL_Delay                              0x08000f4c   Section        0  stm32f4xx_hal.o(i.HAL_Delay)
    i.HAL_GPIO_Init                          0x08000f74   Section        0  stm32f4xx_hal_gpio.o(i.HAL_GPIO_Init)
    i.HAL_GPIO_ReadPin                       0x0800113c   Section        0  stm32f4xx_hal_gpio.o(i.HAL_GPIO_ReadPin)
    i.HAL_GPIO_WritePin                      0x0800114c   Section        0  stm32f4xx_hal_gpio.o(i.HAL_GPIO_WritePin)
    i.HAL_GetTick                            0x08001158   Section        0  stm32f4xx_hal.o(i.HAL_GetTick)
    i.HAL_IncTick                            0x08001164   Section        0  stm32f4xx_hal.o(i.HAL_IncTick)
    i.HAL_Init                               0x0800117c   Section        0  stm32f4xx_hal.o(i.HAL_Init)
    i.HAL_InitTick                           0x080011b8   Section        0  stm32f4xx_hal.o(i.HAL_InitTick)
    i.HAL_MspInit                            0x08001204   Section        0  stm32f4xx_hal_msp.o(i.HAL_MspInit)
    i.HAL_NVIC_EnableIRQ                     0x08001254   Section        0  stm32f4xx_hal_cortex.o(i.HAL_NVIC_EnableIRQ)
    i.HAL_NVIC_SetPriority                   0x0800127c   Section        0  stm32f4xx_hal_cortex.o(i.HAL_NVIC_SetPriority)
    i.HAL_NVIC_SetPriorityGrouping           0x080012f8   Section        0  stm32f4xx_hal_cortex.o(i.HAL_NVIC_SetPriorityGrouping)
    i.HAL_RCCEx_PeriphCLKConfig              0x08001320   Section        0  stm32f4xx_hal_rcc_ex.o(i.HAL_RCCEx_PeriphCLKConfig)
    i.HAL_RCC_ClockConfig                    0x080014d8   Section        0  stm32f4xx_hal_rcc.o(i.HAL_RCC_ClockConfig)
    i.HAL_RCC_GetHCLKFreq                    0x0800165c   Section        0  stm32f4xx_hal_rcc.o(i.HAL_RCC_GetHCLKFreq)
    i.HAL_RCC_GetPCLK1Freq                   0x08001668   Section        0  stm32f4xx_hal_rcc.o(i.HAL_RCC_GetPCLK1Freq)
    i.HAL_RCC_GetPCLK2Freq                   0x08001688   Section        0  stm32f4xx_hal_rcc.o(i.HAL_RCC_GetPCLK2Freq)
    i.HAL_RCC_GetSysClockFreq                0x080016a8   Section        0  stm32f4xx_hal_rcc.o(i.HAL_RCC_GetSysClockFreq)
    i.HAL_RCC_OscConfig                      0x08001758   Section        0  stm32f4xx_hal_rcc.o(i.HAL_RCC_OscConfig)
    i.HAL_RTC_GetDate                        0x08001bf4   Section        0  stm32f4xx_hal_rtc.o(i.HAL_RTC_GetDate)
    i.HAL_RTC_GetTime                        0x08001c40   Section        0  stm32f4xx_hal_rtc.o(i.HAL_RTC_GetTime)
    i.HAL_RTC_Init                           0x08001c9c   Section        0  stm32f4xx_hal_rtc.o(i.HAL_RTC_Init)
    i.HAL_RTC_MspInit                        0x08001d50   Section        0  rtc.o(i.HAL_RTC_MspInit)
    i.HAL_RTC_SetDate                        0x08001d8c   Section        0  stm32f4xx_hal_rtc.o(i.HAL_RTC_SetDate)
    i.HAL_RTC_SetTime                        0x08001e4c   Section        0  stm32f4xx_hal_rtc.o(i.HAL_RTC_SetTime)
    i.HAL_RTC_WaitForSynchro                 0x08001f38   Section        0  stm32f4xx_hal_rtc.o(i.HAL_RTC_WaitForSynchro)
    i.HAL_SPI_Init                           0x08001f70   Section        0  stm32f4xx_hal_spi.o(i.HAL_SPI_Init)
    i.HAL_SPI_MspInit                        0x08002038   Section        0  spi.o(i.HAL_SPI_MspInit)
    i.HAL_SPI_Transmit                       0x080020c0   Section        0  stm32f4xx_hal_spi.o(i.HAL_SPI_Transmit)
    i.HAL_SYSTICK_Config                     0x0800227e   Section        0  stm32f4xx_hal_cortex.o(i.HAL_SYSTICK_Config)
    i.HAL_TIMEx_BreakCallback                0x080022b2   Section        0  stm32f4xx_hal_tim_ex.o(i.HAL_TIMEx_BreakCallback)
    i.HAL_TIMEx_CommutCallback               0x080022b4   Section        0  stm32f4xx_hal_tim_ex.o(i.HAL_TIMEx_CommutCallback)
    i.HAL_TIM_Base_Init                      0x080022b6   Section        0  stm32f4xx_hal_tim.o(i.HAL_TIM_Base_Init)
    i.HAL_TIM_Base_MspInit                   0x0800231c   Section        0  tim.o(i.HAL_TIM_Base_MspInit)
    i.HAL_TIM_Base_Start                     0x08002390   Section        0  stm32f4xx_hal_tim.o(i.HAL_TIM_Base_Start)
    i.HAL_TIM_ConfigClockSource              0x08002414   Section        0  stm32f4xx_hal_tim.o(i.HAL_TIM_ConfigClockSource)
    i.HAL_TIM_IC_CaptureCallback             0x08002520   Section        0  stm32f4xx_hal_tim.o(i.HAL_TIM_IC_CaptureCallback)
    i.HAL_TIM_IRQHandler                     0x08002522   Section        0  stm32f4xx_hal_tim.o(i.HAL_TIM_IRQHandler)
    i.HAL_TIM_OC_DelayElapsedCallback        0x0800268e   Section        0  stm32f4xx_hal_tim.o(i.HAL_TIM_OC_DelayElapsedCallback)
    i.HAL_TIM_PWM_PulseFinishedCallback      0x08002690   Section        0  stm32f4xx_hal_tim.o(i.HAL_TIM_PWM_PulseFinishedCallback)
    i.HAL_TIM_PeriodElapsedCallback          0x08002694   Section        0  stm32f4xx_it.o(i.HAL_TIM_PeriodElapsedCallback)
    i.HAL_TIM_TriggerCallback                0x0800275c   Section        0  stm32f4xx_hal_tim.o(i.HAL_TIM_TriggerCallback)
    i.HAL_UARTEx_RxEventCallback             0x0800275e   Section        0  stm32f4xx_hal_uart.o(i.HAL_UARTEx_RxEventCallback)
    i.HAL_UART_ErrorCallback                 0x08002760   Section        0  stm32f4xx_hal_uart.o(i.HAL_UART_ErrorCallback)
    i.HAL_UART_IRQHandler                    0x08002764   Section        0  stm32f4xx_hal_uart.o(i.HAL_UART_IRQHandler)
    i.HAL_UART_Init                          0x08002a6c   Section        0  stm32f4xx_hal_uart.o(i.HAL_UART_Init)
    i.HAL_UART_MspInit                       0x08002ae4   Section        0  usart.o(i.HAL_UART_MspInit)
    i.HAL_UART_RxCpltCallback                0x08002b7c   Section        0  stm32f4xx_hal_uart.o(i.HAL_UART_RxCpltCallback)
    i.HAL_UART_Transmit                      0x08002b7e   Section        0  stm32f4xx_hal_uart.o(i.HAL_UART_Transmit)
    i.HAL_UART_TxCpltCallback                0x08002c3c   Section        0  stm32f4xx_hal_uart.o(i.HAL_UART_TxCpltCallback)
    i.HP6_Init                               0x08002c40   Section        0  hp6.o(i.HP6_Init)
    i.HP_6_OpenRate                          0x08002c74   Section        0  hp6.o(i.HP_6_OpenRate)
    i.HP_6_SendCmd_CRC                       0x08002cec   Section        0  hp6.o(i.HP_6_SendCmd_CRC)
    i.HardFault_Handler                      0x08002d2a   Section        0  stm32f4xx_it.o(i.HardFault_Handler)
    i.Hp_6_I2CRead                           0x08002d2e   Section        0  hp6.o(i.Hp_6_I2CRead)
    i.Hp_6_I2CWrite                          0x08002d6a   Section        0  hp6.o(i.Hp_6_I2CWrite)
    i.Key_Scan                               0x08002d98   Section        0  button.o(i.Key_Scan)
    i.MPU6050_GetData                        0x08002eb0   Section        0  mpu6050.o(i.MPU6050_GetData)
    i.MPU6050_Init                           0x08002f48   Section        0  mpu6050.o(i.MPU6050_Init)
    i.MPU6050_ReadReg                        0x08002fc0   Section        0  mpu6050.o(i.MPU6050_ReadReg)
    i.MPU6050_WriteReg                       0x08003022   Section        0  mpu6050.o(i.MPU6050_WriteReg)
    i.MX_ADC1_Init                           0x08003078   Section        0  adc.o(i.MX_ADC1_Init)
    i.MX_GPIO_Init                           0x080030e8   Section        0  gpio.o(i.MX_GPIO_Init)
    i.MX_RTC_Init                            0x08003238   Section        0  rtc.o(i.MX_RTC_Init)
    i.MX_SPI1_Init                           0x080032c0   Section        0  spi.o(i.MX_SPI1_Init)
    i.MX_TIM11_Init                          0x08003304   Section        0  tim.o(i.MX_TIM11_Init)
    i.MX_TIM9_Init                           0x08003338   Section        0  tim.o(i.MX_TIM9_Init)
    i.MX_USART1_UART_Init                    0x08003398   Section        0  usart.o(i.MX_USART1_UART_Init)
    i.MemManage_Handler                      0x08003400   Section        0  stm32f4xx_it.o(i.MemManage_Handler)
    i.NMI_Handler                            0x08003404   Section        0  stm32f4xx_it.o(i.NMI_Handler)
    i.OLED_Clear                             0x08003408   Section        0  oled.o(i.OLED_Clear)
    i.OLED_Init                              0x08003456   Section        0  oled.o(i.OLED_Init)
    i.OLED_RST                               0x0800354c   Section        0  oled.o(i.OLED_RST)
    i.OLED_SetCursor                         0x08003578   Section        0  oled.o(i.OLED_SetCursor)
    i.OLED_ShowImage                         0x080035a2   Section        0  oled.o(i.OLED_ShowImage)
    i.OLED_WriteByte                         0x080035f4   Section        0  oled.o(i.OLED_WriteByte)
    i.PendSV_Handler                         0x08003638   Section        0  stm32f4xx_it.o(i.PendSV_Handler)
    i.RTC_Bcd2ToByte                         0x0800363a   Section        0  stm32f4xx_hal_rtc.o(i.RTC_Bcd2ToByte)
    i.RTC_ByteToBcd2                         0x08003650   Section        0  stm32f4xx_hal_rtc.o(i.RTC_ByteToBcd2)
    i.RTC_EnterInitMode                      0x0800366a   Section        0  stm32f4xx_hal_rtc.o(i.RTC_EnterInitMode)
    i.RTC_ExitInitMode                       0x080036b4   Section        0  stm32f4xx_hal_rtc.o(i.RTC_ExitInitMode)
    i.RTC_GetDateTime                        0x080036e4   Section        0  myrtc.o(i.RTC_GetDateTime)
    i.RTC_SetDateTime                        0x08003740   Section        0  myrtc.o(i.RTC_SetDateTime)
    i.SHT20_Init                             0x080037ac   Section        0  sht20.o(i.SHT20_Init)
    i.SPI1_SendByte                          0x080037f8   Section        0  oled.o(i.SPI1_SendByte)
    i.SPI_EndRxTxTransaction                 0x0800380c   Section        0  stm32f4xx_hal_spi.o(i.SPI_EndRxTxTransaction)
    SPI_EndRxTxTransaction                   0x0800380d   Thumb Code   128  stm32f4xx_hal_spi.o(i.SPI_EndRxTxTransaction)
    i.SPI_WaitFlagStateUntilTimeout          0x08003894   Section        0  stm32f4xx_hal_spi.o(i.SPI_WaitFlagStateUntilTimeout)
    SPI_WaitFlagStateUntilTimeout            0x08003895   Thumb Code   212  stm32f4xx_hal_spi.o(i.SPI_WaitFlagStateUntilTimeout)
    i.SVC_Handler                            0x0800396c   Section        0  stm32f4xx_it.o(i.SVC_Handler)
    i.Soft_I2C_Init                          0x08003970   Section        0  myi2c.o(i.Soft_I2C_Init)
    i.Soft_I2C_Rec_Ack                       0x0800398c   Section        0  myi2c.o(i.Soft_I2C_Rec_Ack)
    i.Soft_I2C_Rec_Byte                      0x080039e0   Section        0  myi2c.o(i.Soft_I2C_Rec_Byte)
    i.Soft_I2C_Send_Ack                      0x08003a4c   Section        0  myi2c.o(i.Soft_I2C_Send_Ack)
    i.Soft_I2C_Send_Byte                     0x08003ab0   Section        0  myi2c.o(i.Soft_I2C_Send_Byte)
    i.Soft_I2C_Start                         0x08003b24   Section        0  myi2c.o(i.Soft_I2C_Start)
    i.Soft_I2C_Stop                          0x08003b6c   Section        0  myi2c.o(i.Soft_I2C_Stop)
    i.SysTick_Handler                        0x08003ba8   Section        0  stm32f4xx_it.o(i.SysTick_Handler)
    i.SystemClock_Config                     0x08003bb0   Section        0  main.o(i.SystemClock_Config)
    i.SystemInit                             0x08003c68   Section        0  system_stm32f4xx.o(i.SystemInit)
    i.TIM1_BRK_TIM9_IRQHandler               0x08003c7c   Section        0  stm32f4xx_it.o(i.TIM1_BRK_TIM9_IRQHandler)
    i.TIM_Base_SetConfig                     0x08003c8c   Section        0  stm32f4xx_hal_tim.o(i.TIM_Base_SetConfig)
    i.TIM_ETR_SetConfig                      0x08003d38   Section        0  stm32f4xx_hal_tim.o(i.TIM_ETR_SetConfig)
    i.TIM_ITRx_SetConfig                     0x08003d4e   Section        0  stm32f4xx_hal_tim.o(i.TIM_ITRx_SetConfig)
    TIM_ITRx_SetConfig                       0x08003d4f   Thumb Code    18  stm32f4xx_hal_tim.o(i.TIM_ITRx_SetConfig)
    i.TIM_TI1_ConfigInputStage               0x08003d60   Section        0  stm32f4xx_hal_tim.o(i.TIM_TI1_ConfigInputStage)
    TIM_TI1_ConfigInputStage                 0x08003d61   Thumb Code    38  stm32f4xx_hal_tim.o(i.TIM_TI1_ConfigInputStage)
    i.TIM_TI2_ConfigInputStage               0x08003d86   Section        0  stm32f4xx_hal_tim.o(i.TIM_TI2_ConfigInputStage)
    TIM_TI2_ConfigInputStage                 0x08003d87   Thumb Code    40  stm32f4xx_hal_tim.o(i.TIM_TI2_ConfigInputStage)
    i.UART_DMAAbortOnError                   0x08003dae   Section        0  stm32f4xx_hal_uart.o(i.UART_DMAAbortOnError)
    UART_DMAAbortOnError                     0x08003daf   Thumb Code    18  stm32f4xx_hal_uart.o(i.UART_DMAAbortOnError)
    i.UART_EndRxTransfer                     0x08003dc0   Section        0  stm32f4xx_hal_uart.o(i.UART_EndRxTransfer)
    UART_EndRxTransfer                       0x08003dc1   Thumb Code   108  stm32f4xx_hal_uart.o(i.UART_EndRxTransfer)
    i.UART_EndTransmit_IT                    0x08003e2c   Section        0  stm32f4xx_hal_uart.o(i.UART_EndTransmit_IT)
    UART_EndTransmit_IT                      0x08003e2d   Thumb Code    32  stm32f4xx_hal_uart.o(i.UART_EndTransmit_IT)
    i.UART_Receive_IT                        0x08003e4c   Section        0  stm32f4xx_hal_uart.o(i.UART_Receive_IT)
    UART_Receive_IT                          0x08003e4d   Thumb Code   252  stm32f4xx_hal_uart.o(i.UART_Receive_IT)
    i.UART_SendString                        0x08003f48   Section        0  uart.o(i.UART_SendString)
    i.UART_SetConfig                         0x08003f68   Section        0  stm32f4xx_hal_uart.o(i.UART_SetConfig)
    UART_SetConfig                           0x08003f69   Thumb Code   546  stm32f4xx_hal_uart.o(i.UART_SetConfig)
    i.UART_Transmit_IT                       0x08004194   Section        0  stm32f4xx_hal_uart.o(i.UART_Transmit_IT)
    UART_Transmit_IT                         0x08004195   Thumb Code    96  stm32f4xx_hal_uart.o(i.UART_Transmit_IT)
    i.UART_WaitOnFlagUntilTimeout            0x080041f4   Section        0  stm32f4xx_hal_uart.o(i.UART_WaitOnFlagUntilTimeout)
    UART_WaitOnFlagUntilTimeout              0x080041f5   Thumb Code   140  stm32f4xx_hal_uart.o(i.UART_WaitOnFlagUntilTimeout)
    i.USART1_IRQHandler                      0x08004280   Section        0  stm32f4xx_it.o(i.USART1_IRQHandler)
    i.UsageFault_Handler                     0x080042f8   Section        0  stm32f4xx_it.o(i.UsageFault_Handler)
    i.__NVIC_GetPriorityGrouping             0x080042fc   Section        0  stm32f4xx_hal_cortex.o(i.__NVIC_GetPriorityGrouping)
    __NVIC_GetPriorityGrouping               0x080042fd   Thumb Code    10  stm32f4xx_hal_cortex.o(i.__NVIC_GetPriorityGrouping)
    i.__NVIC_SetPriority                     0x0800430c   Section        0  stm32f4xx_hal_cortex.o(i.__NVIC_SetPriority)
    __NVIC_SetPriority                       0x0800430d   Thumb Code    32  stm32f4xx_hal_cortex.o(i.__NVIC_SetPriority)
    i._is_digit                              0x08004334   Section        0  __printf_wp.o(i._is_digit)
    i._sys_exit                              0x08004342   Section        0  uart.o(i._sys_exit)
    i.delay_ms                               0x08004348   Section        0  timer.o(i.delay_ms)
    i.delay_us                               0x080043d0   Section        0  timer.o(i.delay_us)
    i.fputc                                  0x08004450   Section        0  uart.o(i.fputc)
    i.hp6_iic_get_ack                        0x08004470   Section        0  hp6.o(i.hp6_iic_get_ack)
    i.hp6_iic_rec_byte                       0x080044c8   Section        0  hp6.o(i.hp6_iic_rec_byte)
    i.hp6_iic_send_ack                       0x08004530   Section        0  hp6.o(i.hp6_iic_send_ack)
    i.hp6_iic_send_byte                      0x08004584   Section        0  hp6.o(i.hp6_iic_send_byte)
    i.hp6_iic_star                           0x080045ec   Section        0  hp6.o(i.hp6_iic_star)
    i.hp6_iic_stop                           0x08004634   Section        0  hp6.o(i.hp6_iic_stop)
    i.main                                   0x08004670   Section        0  main.o(i.main)
    x$fpl$fpinit                             0x08004730   Section       10  fpinit.o(x$fpl$fpinit)
    $v0                                      0x08004730   Number         0  fpinit.o(x$fpl$fpinit)
    .constdata                               0x0800473a   Section       24  system_stm32f4xx.o(.constdata)
    .constdata                               0x08004752   Section    12293  font.o(.constdata)
    .constdata                               0x08007758   Section      512  hp6.o(.constdata)
    .constdata                               0x08007958   Section       40  _printf_hex_int.o(.constdata)
    uc_hextab                                0x08007958   Data          20  _printf_hex_int.o(.constdata)
    lc_hextab                                0x0800796c   Data          20  _printf_hex_int.o(.constdata)
    .constdata                               0x08007980   Section       17  __printf_flags_wp.o(.constdata)
    maptable                                 0x08007980   Data          17  __printf_flags_wp.o(.constdata)
    .data                                    0x20000000   Section        9  stm32f4xx_it.o(.data)
    turn                                     0x20000008   Data           1  stm32f4xx_it.o(.data)
    .data                                    0x2000000c   Section        9  stm32f4xx_hal.o(.data)
    .data                                    0x20000018   Section        4  system_stm32f4xx.o(.data)
    .data                                    0x2000001c   Section        4  uart.o(.data)
    .data                                    0x20000020   Section        6  button.o(.data)
    last_adc_state                           0x20000021   Data           1  button.o(.data)
    center_key_state                         0x20000022   Data           1  button.o(.data)
    center_key_timer                         0x20000024   Data           2  button.o(.data)
    .data                                    0x20000026   Section      216  hp6.o(.data)
    .data                                    0x200000fe   Section        8  myrtc.o(.data)
    .bss                                     0x20000108   Section       72  adc.o(.bss)
    .bss                                     0x20000150   Section       32  rtc.o(.bss)
    .bss                                     0x20000170   Section       88  spi.o(.bss)
    .bss                                     0x200001c8   Section      144  tim.o(.bss)
    .bss                                     0x20000258   Section       72  usart.o(.bss)
    .bss                                     0x200002a0   Section       48  stm32f4xx_it.o(.bss)
    .bss                                     0x200002d0   Section       32  uart.o(.bss)
    .bss                                     0x200002f0   Section       96  libspace.o(.bss)
    HEAP                                     0x20000350   Section      512  startup_stm32f411xe.o(HEAP)
    Heap_Mem                                 0x20000350   Data         512  startup_stm32f411xe.o(HEAP)
    STACK                                    0x20000550   Section     1024  startup_stm32f411xe.o(STACK)
    Stack_Mem                                0x20000550   Data        1024  startup_stm32f411xe.o(STACK)
    __initial_sp                             0x20000950   Data           0  startup_stm32f411xe.o(STACK)

    Global Symbols

    Symbol Name                              Value     Ov Type        Size  Object(Section)

    BuildAttributes$$THM_ISAv4$E$P$D$K$B$S$7EM$VFPi3$EXTD16$VFPS$VFMA$PE$A:L22UL41UL21$X:L11$S22US41US21$IEEE1$IW$USESV6$~STKCKD$USESV7$~SHL$OTIME$ROPI$IEEEX$EBA8$UX$STANDARDLIB$REQ8$PRES8$EABIv2 0x00000000   Number         0  anon$$obj.o ABSOLUTE
    __ARM_use_no_argv                        0x00000000   Number         0  main.o ABSOLUTE
    _printf_flags                            0x00000000   Number         0  printf_stubs.o ABSOLUTE
    _printf_return_value                     0x00000000   Number         0  printf_stubs.o ABSOLUTE
    _printf_sizespec                         0x00000000   Number         0  printf_stubs.o ABSOLUTE
    _printf_widthprec                        0x00000000   Number         0  printf_stubs.o ABSOLUTE
    __ARM_exceptions_init                     - Undefined Weak Reference
    __alloca_initialize                       - Undefined Weak Reference
    __arm_fini_                               - Undefined Weak Reference
    __arm_preinit_                            - Undefined Weak Reference
    __cpp_initialize__aeabi_                  - Undefined Weak Reference
    __cxa_finalize                            - Undefined Weak Reference
    __rt_locale                               - Undefined Weak Reference
    __sigvec_lookup                           - Undefined Weak Reference
    _atexit_init                              - Undefined Weak Reference
    _call_atexit_fns                          - Undefined Weak Reference
    _clock_init                               - Undefined Weak Reference
    _fp_trap_init                             - Undefined Weak Reference
    _fp_trap_shutdown                         - Undefined Weak Reference
    _get_lc_collate                           - Undefined Weak Reference
    _get_lc_ctype                             - Undefined Weak Reference
    _get_lc_monetary                          - Undefined Weak Reference
    _get_lc_numeric                           - Undefined Weak Reference
    _get_lc_time                              - Undefined Weak Reference
    _getenv_init                              - Undefined Weak Reference
    _handle_redirection                       - Undefined Weak Reference
    _init_alloc                               - Undefined Weak Reference
    _init_user_alloc                          - Undefined Weak Reference
    _initio                                   - Undefined Weak Reference
    _mutex_acquire                            - Undefined Weak Reference
    _mutex_release                            - Undefined Weak Reference
    _printf_truncate_signed                   - Undefined Weak Reference
    _printf_truncate_unsigned                 - Undefined Weak Reference
    _rand_init                                - Undefined Weak Reference
    _signal_finish                            - Undefined Weak Reference
    _signal_init                              - Undefined Weak Reference
    _terminate_alloc                          - Undefined Weak Reference
    _terminate_user_alloc                     - Undefined Weak Reference
    _terminateio                              - Undefined Weak Reference
    __Vectors_Size                           0x00000198   Number         0  startup_stm32f411xe.o ABSOLUTE
    __Vectors                                0x08000000   Data           4  startup_stm32f411xe.o(RESET)
    __Vectors_End                            0x08000198   Data           0  startup_stm32f411xe.o(RESET)
    __main                                   0x08000199   Thumb Code     8  __main.o(!!!main)
    __scatterload                            0x080001a1   Thumb Code     0  __scatter.o(!!!scatter)
    __scatterload_rt2                        0x080001a1   Thumb Code    44  __scatter.o(!!!scatter)
    __scatterload_rt2_thumb_only             0x080001a1   Thumb Code     0  __scatter.o(!!!scatter)
    __scatterload_null                       0x080001af   Thumb Code     0  __scatter.o(!!!scatter)
    __scatterload_copy                       0x080001d5   Thumb Code    26  __scatter_copy.o(!!handler_copy)
    __scatterload_zeroinit                   0x080001f1   Thumb Code    28  __scatter_zi.o(!!handler_zi)
    _printf_d                                0x0800020d   Thumb Code     0  _printf_d.o(.ARM.Collect$$_printf_percent$$00000009)
    _printf_percent                          0x0800020d   Thumb Code     0  _printf_percent.o(.ARM.Collect$$_printf_percent$$00000000)
    _printf_x                                0x08000213   Thumb Code     0  _printf_x.o(.ARM.Collect$$_printf_percent$$0000000C)
    _printf_percent_end                      0x08000219   Thumb Code     0  _printf_percent_end.o(.ARM.Collect$$_printf_percent$$00000017)
    __rt_lib_init                            0x0800021d   Thumb Code     0  libinit.o(.ARM.Collect$$libinit$$00000000)
    __rt_lib_init_fp_1                       0x0800021f   Thumb Code     0  libinit2.o(.ARM.Collect$$libinit$$00000001)
    __rt_lib_init_alloca_1                   0x08000223   Thumb Code     0  libinit2.o(.ARM.Collect$$libinit$$0000002E)
    __rt_lib_init_argv_1                     0x08000223   Thumb Code     0  libinit2.o(.ARM.Collect$$libinit$$0000002C)
    __rt_lib_init_atexit_1                   0x08000223   Thumb Code     0  libinit2.o(.ARM.Collect$$libinit$$0000001B)
    __rt_lib_init_clock_1                    0x08000223   Thumb Code     0  libinit2.o(.ARM.Collect$$libinit$$00000021)
    __rt_lib_init_cpp_1                      0x08000223   Thumb Code     0  libinit2.o(.ARM.Collect$$libinit$$00000032)
    __rt_lib_init_exceptions_1               0x08000223   Thumb Code     0  libinit2.o(.ARM.Collect$$libinit$$00000030)
    __rt_lib_init_fp_trap_1                  0x08000223   Thumb Code     0  libinit2.o(.ARM.Collect$$libinit$$0000001F)
    __rt_lib_init_getenv_1                   0x08000223   Thumb Code     0  libinit2.o(.ARM.Collect$$libinit$$00000023)
    __rt_lib_init_heap_1                     0x08000223   Thumb Code     0  libinit2.o(.ARM.Collect$$libinit$$0000000A)
    __rt_lib_init_lc_collate_1               0x08000223   Thumb Code     0  libinit2.o(.ARM.Collect$$libinit$$00000011)
    __rt_lib_init_lc_ctype_1                 0x08000223   Thumb Code     0  libinit2.o(.ARM.Collect$$libinit$$00000013)
    __rt_lib_init_lc_monetary_1              0x08000223   Thumb Code     0  libinit2.o(.ARM.Collect$$libinit$$00000015)
    __rt_lib_init_lc_numeric_1               0x08000223   Thumb Code     0  libinit2.o(.ARM.Collect$$libinit$$00000017)
    __rt_lib_init_lc_time_1                  0x08000223   Thumb Code     0  libinit2.o(.ARM.Collect$$libinit$$00000019)
    __rt_lib_init_preinit_1                  0x08000223   Thumb Code     0  libinit2.o(.ARM.Collect$$libinit$$00000004)
    __rt_lib_init_rand_1                     0x08000223   Thumb Code     0  libinit2.o(.ARM.Collect$$libinit$$0000000E)
    __rt_lib_init_return                     0x08000223   Thumb Code     0  libinit2.o(.ARM.Collect$$libinit$$00000033)
    __rt_lib_init_signal_1                   0x08000223   Thumb Code     0  libinit2.o(.ARM.Collect$$libinit$$0000001D)
    __rt_lib_init_stdio_1                    0x08000223   Thumb Code     0  libinit2.o(.ARM.Collect$$libinit$$00000025)
    __rt_lib_init_user_alloc_1               0x08000223   Thumb Code     0  libinit2.o(.ARM.Collect$$libinit$$0000000C)
    __rt_lib_shutdown                        0x08000225   Thumb Code     0  libshutdown.o(.ARM.Collect$$libshutdown$$00000000)
    __rt_lib_shutdown_cpp_1                  0x08000227   Thumb Code     0  libshutdown2.o(.ARM.Collect$$libshutdown$$00000004)
    __rt_lib_shutdown_fini_1                 0x08000227   Thumb Code     0  libshutdown2.o(.ARM.Collect$$libshutdown$$00000002)
    __rt_lib_shutdown_fp_trap_1              0x08000227   Thumb Code     0  libshutdown2.o(.ARM.Collect$$libshutdown$$00000009)
    __rt_lib_shutdown_heap_1                 0x08000227   Thumb Code     0  libshutdown2.o(.ARM.Collect$$libshutdown$$00000011)
    __rt_lib_shutdown_return                 0x08000227   Thumb Code     0  libshutdown2.o(.ARM.Collect$$libshutdown$$00000012)
    __rt_lib_shutdown_signal_1               0x08000227   Thumb Code     0  libshutdown2.o(.ARM.Collect$$libshutdown$$0000000C)
    __rt_lib_shutdown_stdio_1                0x08000227   Thumb Code     0  libshutdown2.o(.ARM.Collect$$libshutdown$$00000006)
    __rt_lib_shutdown_user_alloc_1           0x08000227   Thumb Code     0  libshutdown2.o(.ARM.Collect$$libshutdown$$0000000E)
    __rt_entry                               0x08000229   Thumb Code     0  __rtentry.o(.ARM.Collect$$rtentry$$00000000)
    __rt_entry_presh_1                       0x08000229   Thumb Code     0  __rtentry2.o(.ARM.Collect$$rtentry$$00000002)
    __rt_entry_sh                            0x08000229   Thumb Code     0  __rtentry4.o(.ARM.Collect$$rtentry$$00000004)
    __rt_entry_li                            0x0800022f   Thumb Code     0  __rtentry2.o(.ARM.Collect$$rtentry$$0000000A)
    __rt_entry_postsh_1                      0x0800022f   Thumb Code     0  __rtentry2.o(.ARM.Collect$$rtentry$$00000009)
    __rt_entry_main                          0x08000233   Thumb Code     0  __rtentry2.o(.ARM.Collect$$rtentry$$0000000D)
    __rt_entry_postli_1                      0x08000233   Thumb Code     0  __rtentry2.o(.ARM.Collect$$rtentry$$0000000C)
    __rt_exit                                0x0800023b   Thumb Code     0  rtexit.o(.ARM.Collect$$rtexit$$00000000)
    __rt_exit_ls                             0x0800023d   Thumb Code     0  rtexit2.o(.ARM.Collect$$rtexit$$00000003)
    __rt_exit_prels_1                        0x0800023d   Thumb Code     0  rtexit2.o(.ARM.Collect$$rtexit$$00000002)
    __rt_exit_exit                           0x08000241   Thumb Code     0  rtexit2.o(.ARM.Collect$$rtexit$$00000004)
    Reset_Handler                            0x08000249   Thumb Code     8  startup_stm32f411xe.o(.text)
    ADC_IRQHandler                           0x08000263   Thumb Code     0  startup_stm32f411xe.o(.text)
    DMA1_Stream0_IRQHandler                  0x08000263   Thumb Code     0  startup_stm32f411xe.o(.text)
    DMA1_Stream1_IRQHandler                  0x08000263   Thumb Code     0  startup_stm32f411xe.o(.text)
    DMA1_Stream2_IRQHandler                  0x08000263   Thumb Code     0  startup_stm32f411xe.o(.text)
    DMA1_Stream3_IRQHandler                  0x08000263   Thumb Code     0  startup_stm32f411xe.o(.text)
    DMA1_Stream4_IRQHandler                  0x08000263   Thumb Code     0  startup_stm32f411xe.o(.text)
    DMA1_Stream5_IRQHandler                  0x08000263   Thumb Code     0  startup_stm32f411xe.o(.text)
    DMA1_Stream6_IRQHandler                  0x08000263   Thumb Code     0  startup_stm32f411xe.o(.text)
    DMA1_Stream7_IRQHandler                  0x08000263   Thumb Code     0  startup_stm32f411xe.o(.text)
    DMA2_Stream0_IRQHandler                  0x08000263   Thumb Code     0  startup_stm32f411xe.o(.text)
    DMA2_Stream1_IRQHandler                  0x08000263   Thumb Code     0  startup_stm32f411xe.o(.text)
    DMA2_Stream2_IRQHandler                  0x08000263   Thumb Code     0  startup_stm32f411xe.o(.text)
    DMA2_Stream3_IRQHandler                  0x08000263   Thumb Code     0  startup_stm32f411xe.o(.text)
    DMA2_Stream4_IRQHandler                  0x08000263   Thumb Code     0  startup_stm32f411xe.o(.text)
    DMA2_Stream5_IRQHandler                  0x08000263   Thumb Code     0  startup_stm32f411xe.o(.text)
    DMA2_Stream6_IRQHandler                  0x08000263   Thumb Code     0  startup_stm32f411xe.o(.text)
    DMA2_Stream7_IRQHandler                  0x08000263   Thumb Code     0  startup_stm32f411xe.o(.text)
    EXTI0_IRQHandler                         0x08000263   Thumb Code     0  startup_stm32f411xe.o(.text)
    EXTI15_10_IRQHandler                     0x08000263   Thumb Code     0  startup_stm32f411xe.o(.text)
    EXTI1_IRQHandler                         0x08000263   Thumb Code     0  startup_stm32f411xe.o(.text)
    EXTI2_IRQHandler                         0x08000263   Thumb Code     0  startup_stm32f411xe.o(.text)
    EXTI3_IRQHandler                         0x08000263   Thumb Code     0  startup_stm32f411xe.o(.text)
    EXTI4_IRQHandler                         0x08000263   Thumb Code     0  startup_stm32f411xe.o(.text)
    EXTI9_5_IRQHandler                       0x08000263   Thumb Code     0  startup_stm32f411xe.o(.text)
    FLASH_IRQHandler                         0x08000263   Thumb Code     0  startup_stm32f411xe.o(.text)
    FPU_IRQHandler                           0x08000263   Thumb Code     0  startup_stm32f411xe.o(.text)
    I2C1_ER_IRQHandler                       0x08000263   Thumb Code     0  startup_stm32f411xe.o(.text)
    I2C1_EV_IRQHandler                       0x08000263   Thumb Code     0  startup_stm32f411xe.o(.text)
    I2C2_ER_IRQHandler                       0x08000263   Thumb Code     0  startup_stm32f411xe.o(.text)
    I2C2_EV_IRQHandler                       0x08000263   Thumb Code     0  startup_stm32f411xe.o(.text)
    I2C3_ER_IRQHandler                       0x08000263   Thumb Code     0  startup_stm32f411xe.o(.text)
    I2C3_EV_IRQHandler                       0x08000263   Thumb Code     0  startup_stm32f411xe.o(.text)
    OTG_FS_IRQHandler                        0x08000263   Thumb Code     0  startup_stm32f411xe.o(.text)
    OTG_FS_WKUP_IRQHandler                   0x08000263   Thumb Code     0  startup_stm32f411xe.o(.text)
    PVD_IRQHandler                           0x08000263   Thumb Code     0  startup_stm32f411xe.o(.text)
    RCC_IRQHandler                           0x08000263   Thumb Code     0  startup_stm32f411xe.o(.text)
    RTC_Alarm_IRQHandler                     0x08000263   Thumb Code     0  startup_stm32f411xe.o(.text)
    RTC_WKUP_IRQHandler                      0x08000263   Thumb Code     0  startup_stm32f411xe.o(.text)
    SDIO_IRQHandler                          0x08000263   Thumb Code     0  startup_stm32f411xe.o(.text)
    SPI1_IRQHandler                          0x08000263   Thumb Code     0  startup_stm32f411xe.o(.text)
    SPI2_IRQHandler                          0x08000263   Thumb Code     0  startup_stm32f411xe.o(.text)
    SPI3_IRQHandler                          0x08000263   Thumb Code     0  startup_stm32f411xe.o(.text)
    SPI4_IRQHandler                          0x08000263   Thumb Code     0  startup_stm32f411xe.o(.text)
    SPI5_IRQHandler                          0x08000263   Thumb Code     0  startup_stm32f411xe.o(.text)
    TAMP_STAMP_IRQHandler                    0x08000263   Thumb Code     0  startup_stm32f411xe.o(.text)
    TIM1_CC_IRQHandler                       0x08000263   Thumb Code     0  startup_stm32f411xe.o(.text)
    TIM1_TRG_COM_TIM11_IRQHandler            0x08000263   Thumb Code     0  startup_stm32f411xe.o(.text)
    TIM1_UP_TIM10_IRQHandler                 0x08000263   Thumb Code     0  startup_stm32f411xe.o(.text)
    TIM2_IRQHandler                          0x08000263   Thumb Code     0  startup_stm32f411xe.o(.text)
    TIM3_IRQHandler                          0x08000263   Thumb Code     0  startup_stm32f411xe.o(.text)
    TIM4_IRQHandler                          0x08000263   Thumb Code     0  startup_stm32f411xe.o(.text)
    TIM5_IRQHandler                          0x08000263   Thumb Code     0  startup_stm32f411xe.o(.text)
    USART2_IRQHandler                        0x08000263   Thumb Code     0  startup_stm32f411xe.o(.text)
    USART6_IRQHandler                        0x08000263   Thumb Code     0  startup_stm32f411xe.o(.text)
    WWDG_IRQHandler                          0x08000263   Thumb Code     0  startup_stm32f411xe.o(.text)
    __user_initial_stackheap                 0x08000265   Thumb Code     0  startup_stm32f411xe.o(.text)
    __use_no_semihosting                     0x08000289   Thumb Code     2  use_no_semi_2.o(.text)
    __aeabi_uldivmod                         0x0800028b   Thumb Code     0  lludivv7m.o(.text)
    _ll_udiv                                 0x0800028b   Thumb Code   238  lludivv7m.o(.text)
    __2printf                                0x08000379   Thumb Code    20  noretval__2printf.o(.text)
    _printf_int_dec                          0x08000391   Thumb Code   104  _printf_dec.o(.text)
    _printf_int_hex                          0x08000409   Thumb Code    84  _printf_hex_int.o(.text)
    _printf_longlong_hex                     0x08000409   Thumb Code     0  _printf_hex_int.o(.text)
    __printf                                 0x08000461   Thumb Code   308  __printf_flags_wp.o(.text)
    strlen                                   0x08000599   Thumb Code    62  strlen.o(.text)
    __aeabi_memclr4                          0x080005d7   Thumb Code     0  rt_memclr_w.o(.text)
    __aeabi_memclr8                          0x080005d7   Thumb Code     0  rt_memclr_w.o(.text)
    __rt_memclr_w                            0x080005d7   Thumb Code    78  rt_memclr_w.o(.text)
    _memset_w                                0x080005db   Thumb Code     0  rt_memclr_w.o(.text)
    __use_two_region_memory                  0x08000625   Thumb Code     2  heapauxi.o(.text)
    __rt_heap_escrow$2region                 0x08000627   Thumb Code     2  heapauxi.o(.text)
    __rt_heap_expand$2region                 0x08000629   Thumb Code     2  heapauxi.o(.text)
    __I$use$semihosting                      0x0800062b   Thumb Code     0  use_no_semi.o(.text)
    __use_no_semihosting_swi                 0x0800062b   Thumb Code     2  use_no_semi.o(.text)
    _printf_int_common                       0x0800062d   Thumb Code   178  _printf_intcommon.o(.text)
    _printf_char_file                        0x080006e1   Thumb Code    32  _printf_char_file.o(.text)
    _printf_char_common                      0x0800070f   Thumb Code    32  _printf_char_common.o(.text)
    ferror                                   0x08000735   Thumb Code     8  ferror.o(.text)
    __user_libspace                          0x0800073d   Thumb Code     8  libspace.o(.text)
    __user_perproc_libspace                  0x0800073d   Thumb Code     0  libspace.o(.text)
    __user_perthread_libspace                0x0800073d   Thumb Code     0  libspace.o(.text)
    __user_setup_stackheap                   0x08000745   Thumb Code    74  sys_stackheap_outer.o(.text)
    exit                                     0x0800078f   Thumb Code    18  exit.o(.text)
    BusFault_Handler                         0x08000901   Thumb Code     4  stm32f4xx_it.o(i.BusFault_Handler)
    Crc16                                    0x08000905   Thumb Code    42  hp6.o(i.Crc16)
    DebugMon_Handler                         0x08000935   Thumb Code     2  stm32f4xx_it.o(i.DebugMon_Handler)
    Error_Handler                            0x08000937   Thumb Code     6  main.o(i.Error_Handler)
    HAL_ADC_ConfigChannel                    0x080009b9   Thumb Code   400  stm32f4xx_hal_adc.o(i.HAL_ADC_ConfigChannel)
    HAL_ADC_GetValue                         0x08000b5d   Thumb Code     8  stm32f4xx_hal_adc.o(i.HAL_ADC_GetValue)
    HAL_ADC_Init                             0x08000b65   Thumb Code   100  stm32f4xx_hal_adc.o(i.HAL_ADC_Init)
    HAL_ADC_MspInit                          0x08000bcd   Thumb Code   114  adc.o(i.HAL_ADC_MspInit)
    HAL_ADC_PollForConversion                0x08000c4d   Thumb Code   206  stm32f4xx_hal_adc.o(i.HAL_ADC_PollForConversion)
    HAL_ADC_Start                            0x08000d1d   Thumb Code   260  stm32f4xx_hal_adc.o(i.HAL_ADC_Start)
    HAL_ADC_Stop                             0x08000e31   Thumb Code    72  stm32f4xx_hal_adc.o(i.HAL_ADC_Stop)
    HAL_DMA_Abort                            0x08000e79   Thumb Code   172  stm32f4xx_hal_dma.o(i.HAL_DMA_Abort)
    HAL_DMA_Abort_IT                         0x08000f25   Thumb Code    40  stm32f4xx_hal_dma.o(i.HAL_DMA_Abort_IT)
    HAL_Delay                                0x08000f4d   Thumb Code    36  stm32f4xx_hal.o(i.HAL_Delay)
    HAL_GPIO_Init                            0x08000f75   Thumb Code   424  stm32f4xx_hal_gpio.o(i.HAL_GPIO_Init)
    HAL_GPIO_ReadPin                         0x0800113d   Thumb Code    16  stm32f4xx_hal_gpio.o(i.HAL_GPIO_ReadPin)
    HAL_GPIO_WritePin                        0x0800114d   Thumb Code    12  stm32f4xx_hal_gpio.o(i.HAL_GPIO_WritePin)
    HAL_GetTick                              0x08001159   Thumb Code     6  stm32f4xx_hal.o(i.HAL_GetTick)
    HAL_IncTick                              0x08001165   Thumb Code    16  stm32f4xx_hal.o(i.HAL_IncTick)
    HAL_Init                                 0x0800117d   Thumb Code    54  stm32f4xx_hal.o(i.HAL_Init)
    HAL_InitTick                             0x080011b9   Thumb Code    64  stm32f4xx_hal.o(i.HAL_InitTick)
    HAL_MspInit                              0x08001205   Thumb Code    74  stm32f4xx_hal_msp.o(i.HAL_MspInit)
    HAL_NVIC_EnableIRQ                       0x08001255   Thumb Code    40  stm32f4xx_hal_cortex.o(i.HAL_NVIC_EnableIRQ)
    HAL_NVIC_SetPriority                     0x0800127d   Thumb Code   124  stm32f4xx_hal_cortex.o(i.HAL_NVIC_SetPriority)
    HAL_NVIC_SetPriorityGrouping             0x080012f9   Thumb Code    32  stm32f4xx_hal_cortex.o(i.HAL_NVIC_SetPriorityGrouping)
    HAL_RCCEx_PeriphCLKConfig                0x08001321   Thumb Code   416  stm32f4xx_hal_rcc_ex.o(i.HAL_RCCEx_PeriphCLKConfig)
    HAL_RCC_ClockConfig                      0x080014d9   Thumb Code   368  stm32f4xx_hal_rcc.o(i.HAL_RCC_ClockConfig)
    HAL_RCC_GetHCLKFreq                      0x0800165d   Thumb Code     6  stm32f4xx_hal_rcc.o(i.HAL_RCC_GetHCLKFreq)
    HAL_RCC_GetPCLK1Freq                     0x08001669   Thumb Code    22  stm32f4xx_hal_rcc.o(i.HAL_RCC_GetPCLK1Freq)
    HAL_RCC_GetPCLK2Freq                     0x08001689   Thumb Code    22  stm32f4xx_hal_rcc.o(i.HAL_RCC_GetPCLK2Freq)
    HAL_RCC_GetSysClockFreq                  0x080016a9   Thumb Code   162  stm32f4xx_hal_rcc.o(i.HAL_RCC_GetSysClockFreq)
    HAL_RCC_OscConfig                        0x08001759   Thumb Code  1172  stm32f4xx_hal_rcc.o(i.HAL_RCC_OscConfig)
    HAL_RTC_GetDate                          0x08001bf5   Thumb Code    72  stm32f4xx_hal_rtc.o(i.HAL_RTC_GetDate)
    HAL_RTC_GetTime                          0x08001c41   Thumb Code    88  stm32f4xx_hal_rtc.o(i.HAL_RTC_GetTime)
    HAL_RTC_Init                             0x08001c9d   Thumb Code   174  stm32f4xx_hal_rtc.o(i.HAL_RTC_Init)
    HAL_RTC_MspInit                          0x08001d51   Thumb Code    52  rtc.o(i.HAL_RTC_MspInit)
    HAL_RTC_SetDate                          0x08001d8d   Thumb Code   188  stm32f4xx_hal_rtc.o(i.HAL_RTC_SetDate)
    HAL_RTC_SetTime                          0x08001e4d   Thumb Code   230  stm32f4xx_hal_rtc.o(i.HAL_RTC_SetTime)
    HAL_RTC_WaitForSynchro                   0x08001f39   Thumb Code    52  stm32f4xx_hal_rtc.o(i.HAL_RTC_WaitForSynchro)
    HAL_SPI_Init                             0x08001f71   Thumb Code   200  stm32f4xx_hal_spi.o(i.HAL_SPI_Init)
    HAL_SPI_MspInit                          0x08002039   Thumb Code   122  spi.o(i.HAL_SPI_MspInit)
    HAL_SPI_Transmit                         0x080020c1   Thumb Code   446  stm32f4xx_hal_spi.o(i.HAL_SPI_Transmit)
    HAL_SYSTICK_Config                       0x0800227f   Thumb Code    52  stm32f4xx_hal_cortex.o(i.HAL_SYSTICK_Config)
    HAL_TIMEx_BreakCallback                  0x080022b3   Thumb Code     2  stm32f4xx_hal_tim_ex.o(i.HAL_TIMEx_BreakCallback)
    HAL_TIMEx_CommutCallback                 0x080022b5   Thumb Code     2  stm32f4xx_hal_tim_ex.o(i.HAL_TIMEx_CommutCallback)
    HAL_TIM_Base_Init                        0x080022b7   Thumb Code   102  stm32f4xx_hal_tim.o(i.HAL_TIM_Base_Init)
    HAL_TIM_Base_MspInit                     0x0800231d   Thumb Code   104  tim.o(i.HAL_TIM_Base_MspInit)
    HAL_TIM_Base_Start                       0x08002391   Thumb Code   110  stm32f4xx_hal_tim.o(i.HAL_TIM_Base_Start)
    HAL_TIM_ConfigClockSource                0x08002415   Thumb Code   268  stm32f4xx_hal_tim.o(i.HAL_TIM_ConfigClockSource)
    HAL_TIM_IC_CaptureCallback               0x08002521   Thumb Code     2  stm32f4xx_hal_tim.o(i.HAL_TIM_IC_CaptureCallback)
    HAL_TIM_IRQHandler                       0x08002523   Thumb Code   364  stm32f4xx_hal_tim.o(i.HAL_TIM_IRQHandler)
    HAL_TIM_OC_DelayElapsedCallback          0x0800268f   Thumb Code     2  stm32f4xx_hal_tim.o(i.HAL_TIM_OC_DelayElapsedCallback)
    HAL_TIM_PWM_PulseFinishedCallback        0x08002691   Thumb Code     2  stm32f4xx_hal_tim.o(i.HAL_TIM_PWM_PulseFinishedCallback)
    HAL_TIM_PeriodElapsedCallback            0x08002695   Thumb Code   170  stm32f4xx_it.o(i.HAL_TIM_PeriodElapsedCallback)
    HAL_TIM_TriggerCallback                  0x0800275d   Thumb Code     2  stm32f4xx_hal_tim.o(i.HAL_TIM_TriggerCallback)
    HAL_UARTEx_RxEventCallback               0x0800275f   Thumb Code     2  stm32f4xx_hal_uart.o(i.HAL_UARTEx_RxEventCallback)
    HAL_UART_ErrorCallback                   0x08002761   Thumb Code     2  stm32f4xx_hal_uart.o(i.HAL_UART_ErrorCallback)
    HAL_UART_IRQHandler                      0x08002765   Thumb Code   772  stm32f4xx_hal_uart.o(i.HAL_UART_IRQHandler)
    HAL_UART_Init                            0x08002a6d   Thumb Code   118  stm32f4xx_hal_uart.o(i.HAL_UART_Init)
    HAL_UART_MspInit                         0x08002ae5   Thumb Code   140  usart.o(i.HAL_UART_MspInit)
    HAL_UART_RxCpltCallback                  0x08002b7d   Thumb Code     2  stm32f4xx_hal_uart.o(i.HAL_UART_RxCpltCallback)
    HAL_UART_Transmit                        0x08002b7f   Thumb Code   190  stm32f4xx_hal_uart.o(i.HAL_UART_Transmit)
    HAL_UART_TxCpltCallback                  0x08002c3d   Thumb Code     2  stm32f4xx_hal_uart.o(i.HAL_UART_TxCpltCallback)
    HP6_Init                                 0x08002c41   Thumb Code    42  hp6.o(i.HP6_Init)
    HP_6_OpenRate                            0x08002c75   Thumb Code    82  hp6.o(i.HP_6_OpenRate)
    HP_6_SendCmd_CRC                         0x08002ced   Thumb Code    62  hp6.o(i.HP_6_SendCmd_CRC)
    HardFault_Handler                        0x08002d2b   Thumb Code     4  stm32f4xx_it.o(i.HardFault_Handler)
    Hp_6_I2CRead                             0x08002d2f   Thumb Code    60  hp6.o(i.Hp_6_I2CRead)
    Hp_6_I2CWrite                            0x08002d6b   Thumb Code    46  hp6.o(i.Hp_6_I2CWrite)
    Key_Scan                                 0x08002d99   Thumb Code   258  button.o(i.Key_Scan)
    MPU6050_GetData                          0x08002eb1   Thumb Code   150  mpu6050.o(i.MPU6050_GetData)
    MPU6050_Init                             0x08002f49   Thumb Code    80  mpu6050.o(i.MPU6050_Init)
    MPU6050_ReadReg                          0x08002fc1   Thumb Code    98  mpu6050.o(i.MPU6050_ReadReg)
    MPU6050_WriteReg                         0x08003023   Thumb Code    84  mpu6050.o(i.MPU6050_WriteReg)
    MX_ADC1_Init                             0x08003079   Thumb Code   100  adc.o(i.MX_ADC1_Init)
    MX_GPIO_Init                             0x080030e9   Thumb Code   320  gpio.o(i.MX_GPIO_Init)
    MX_RTC_Init                              0x08003239   Thumb Code   128  rtc.o(i.MX_RTC_Init)
    MX_SPI1_Init                             0x080032c1   Thumb Code    60  spi.o(i.MX_SPI1_Init)
    MX_TIM11_Init                            0x08003305   Thumb Code    42  tim.o(i.MX_TIM11_Init)
    MX_TIM9_Init                             0x08003339   Thumb Code    88  tim.o(i.MX_TIM9_Init)
    MX_USART1_UART_Init                      0x08003399   Thumb Code    94  usart.o(i.MX_USART1_UART_Init)
    MemManage_Handler                        0x08003401   Thumb Code     4  stm32f4xx_it.o(i.MemManage_Handler)
    NMI_Handler                              0x08003405   Thumb Code     4  stm32f4xx_it.o(i.NMI_Handler)
    OLED_Clear                               0x08003409   Thumb Code    78  oled.o(i.OLED_Clear)
    OLED_Init                                0x08003457   Thumb Code   246  oled.o(i.OLED_Init)
    OLED_RST                                 0x0800354d   Thumb Code    38  oled.o(i.OLED_RST)
    OLED_SetCursor                           0x08003579   Thumb Code    42  oled.o(i.OLED_SetCursor)
    OLED_ShowImage                           0x080035a3   Thumb Code    80  oled.o(i.OLED_ShowImage)
    OLED_WriteByte                           0x080035f5   Thumb Code    60  oled.o(i.OLED_WriteByte)
    PendSV_Handler                           0x08003639   Thumb Code     2  stm32f4xx_it.o(i.PendSV_Handler)
    RTC_Bcd2ToByte                           0x0800363b   Thumb Code    22  stm32f4xx_hal_rtc.o(i.RTC_Bcd2ToByte)
    RTC_ByteToBcd2                           0x08003651   Thumb Code    26  stm32f4xx_hal_rtc.o(i.RTC_ByteToBcd2)
    RTC_EnterInitMode                        0x0800366b   Thumb Code    74  stm32f4xx_hal_rtc.o(i.RTC_EnterInitMode)
    RTC_ExitInitMode                         0x080036b5   Thumb Code    46  stm32f4xx_hal_rtc.o(i.RTC_ExitInitMode)
    RTC_GetDateTime                          0x080036e5   Thumb Code    88  myrtc.o(i.RTC_GetDateTime)
    RTC_SetDateTime                          0x08003741   Thumb Code   104  myrtc.o(i.RTC_SetDateTime)
    SHT20_Init                               0x080037ad   Thumb Code    74  sht20.o(i.SHT20_Init)
    SPI1_SendByte                            0x080037f9   Thumb Code    16  oled.o(i.SPI1_SendByte)
    SVC_Handler                              0x0800396d   Thumb Code     2  stm32f4xx_it.o(i.SVC_Handler)
    Soft_I2C_Init                            0x08003971   Thumb Code    24  myi2c.o(i.Soft_I2C_Init)
    Soft_I2C_Rec_Ack                         0x0800398d   Thumb Code    80  myi2c.o(i.Soft_I2C_Rec_Ack)
    Soft_I2C_Rec_Byte                        0x080039e1   Thumb Code   102  myi2c.o(i.Soft_I2C_Rec_Byte)
    Soft_I2C_Send_Ack                        0x08003a4d   Thumb Code    94  myi2c.o(i.Soft_I2C_Send_Ack)
    Soft_I2C_Send_Byte                       0x08003ab1   Thumb Code   110  myi2c.o(i.Soft_I2C_Send_Byte)
    Soft_I2C_Start                           0x08003b25   Thumb Code    66  myi2c.o(i.Soft_I2C_Start)
    Soft_I2C_Stop                            0x08003b6d   Thumb Code    54  myi2c.o(i.Soft_I2C_Stop)
    SysTick_Handler                          0x08003ba9   Thumb Code     8  stm32f4xx_it.o(i.SysTick_Handler)
    SystemClock_Config                       0x08003bb1   Thumb Code   174  main.o(i.SystemClock_Config)
    SystemInit                               0x08003c69   Thumb Code    14  system_stm32f4xx.o(i.SystemInit)
    TIM1_BRK_TIM9_IRQHandler                 0x08003c7d   Thumb Code    10  stm32f4xx_it.o(i.TIM1_BRK_TIM9_IRQHandler)
    TIM_Base_SetConfig                       0x08003c8d   Thumb Code   142  stm32f4xx_hal_tim.o(i.TIM_Base_SetConfig)
    TIM_ETR_SetConfig                        0x08003d39   Thumb Code    22  stm32f4xx_hal_tim.o(i.TIM_ETR_SetConfig)
    UART_SendString                          0x08003f49   Thumb Code    28  uart.o(i.UART_SendString)
    USART1_IRQHandler                        0x08004281   Thumb Code   110  stm32f4xx_it.o(i.USART1_IRQHandler)
    UsageFault_Handler                       0x080042f9   Thumb Code     4  stm32f4xx_it.o(i.UsageFault_Handler)
    _is_digit                                0x08004335   Thumb Code    14  __printf_wp.o(i._is_digit)
    _sys_exit                                0x08004343   Thumb Code     6  uart.o(i._sys_exit)
    delay_ms                                 0x08004349   Thumb Code   126  timer.o(i.delay_ms)
    delay_us                                 0x080043d1   Thumb Code   120  timer.o(i.delay_us)
    fputc                                    0x08004451   Thumb Code    26  uart.o(i.fputc)
    hp6_iic_get_ack                          0x08004471   Thumb Code    84  hp6.o(i.hp6_iic_get_ack)
    hp6_iic_rec_byte                         0x080044c9   Thumb Code    98  hp6.o(i.hp6_iic_rec_byte)
    hp6_iic_send_ack                         0x08004531   Thumb Code    78  hp6.o(i.hp6_iic_send_ack)
    hp6_iic_send_byte                        0x08004585   Thumb Code    98  hp6.o(i.hp6_iic_send_byte)
    hp6_iic_star                             0x080045ed   Thumb Code    66  hp6.o(i.hp6_iic_star)
    hp6_iic_stop                             0x08004635   Thumb Code    56  hp6.o(i.hp6_iic_stop)
    main                                     0x08004671   Thumb Code   144  main.o(i.main)
    _fp_init                                 0x08004731   Thumb Code    10  fpinit.o(x$fpl$fpinit)
    __fplib_config_fpu_vfp                   0x08004739   Thumb Code     0  fpinit.o(x$fpl$fpinit)
    __fplib_config_pureend_doubles           0x08004739   Thumb Code     0  fpinit.o(x$fpl$fpinit)
    AHBPrescTable                            0x0800473a   Data          16  system_stm32f4xx.o(.constdata)
    APBPrescTable                            0x0800474a   Data           8  system_stm32f4xx.o(.constdata)
    table                                    0x08004752   Data          17  font.o(.constdata)
    hz16                                     0x08004763   Data         256  font.o(.constdata)
    hz24                                     0x08004863   Data         576  font.o(.constdata)
    F16X16                                   0x08004aa3   Data        1520  font.o(.constdata)
    F32X24                                   0x08005093   Data        4560  font.o(.constdata)
    pic_test                                 0x08006263   Data         512  font.o(.constdata)
    motion                                   0x08006463   Data        3584  font.o(.constdata)
    sun                                      0x08007263   Data         512  font.o(.constdata)
    heart                                    0x08007463   Data         378  font.o(.constdata)
    bmp                                      0x080075dd   Data         378  font.o(.constdata)
    crc16_tab                                0x08007758   Data         512  hp6.o(.constdata)
    Region$$Table$$Base                      0x08007994   Number         0  anon$$obj.o(Region$$Table)
    Region$$Table$$Limit                     0x080079b4   Number         0  anon$$obj.o(Region$$Table)
    wendu                                    0x20000000   Data           4  stm32f4xx_it.o(.data)
    shidu                                    0x20000004   Data           4  stm32f4xx_it.o(.data)
    uwTick                                   0x2000000c   Data           4  stm32f4xx_hal.o(.data)
    uwTickPrio                               0x20000010   Data           4  stm32f4xx_hal.o(.data)
    uwTickFreq                               0x20000014   Data           1  stm32f4xx_hal.o(.data)
    SystemCoreClock                          0x20000018   Data           4  system_stm32f4xx.o(.data)
    __stdout                                 0x2000001c   Data           4  uart.o(.data)
    g_key_event                              0x20000020   Data           1  button.o(.data)
    cmd_bp_open                              0x20000026   Data          24  hp6.o(.data)
    cmd_bp_close                             0x2000003e   Data          24  hp6.o(.data)
    cmd_bp_result                            0x20000056   Data          24  hp6.o(.data)
    cmd_rate_open                            0x2000006e   Data          24  hp6.o(.data)
    cmd_rate_close                           0x20000086   Data          24  hp6.o(.data)
    cmd_rate_result                          0x2000009e   Data          24  hp6.o(.data)
    cmd_get_adc                              0x200000b6   Data          24  hp6.o(.data)
    cmd_set_powersaving                      0x200000ce   Data          24  hp6.o(.data)
    cmd_get_version                          0x200000e6   Data          24  hp6.o(.data)
    date                                     0x200000fe   Data           8  myrtc.o(.data)
    hadc1                                    0x20000108   Data          72  adc.o(.bss)
    hrtc                                     0x20000150   Data          32  rtc.o(.bss)
    hspi1                                    0x20000170   Data          88  spi.o(.bss)
    htim9                                    0x200001c8   Data          72  tim.o(.bss)
    htim11                                   0x20000210   Data          72  tim.o(.bss)
    huart1                                   0x20000258   Data          72  usart.o(.bss)
    DATA                                     0x200002a0   Data          12  stm32f4xx_it.o(.bss)
    motion_data                              0x200002ac   Data          16  stm32f4xx_it.o(.bss)
    task_code                                0x200002bc   Data          20  stm32f4xx_it.o(.bss)
    uart1                                    0x200002d0   Data          32  uart.o(.bss)
    __libspace_start                         0x200002f0   Data          96  libspace.o(.bss)
    __temporary_stack_top$libspace           0x20000350   Data           0  libspace.o(.bss)



==============================================================================

Memory Map of the image

  Image Entry point : 0x08000199

  Load Region LR_IROM1 (Base: 0x08000000, Size: 0x00007abc, Max: 0x00080000, ABSOLUTE)

    Execution Region ER_IROM1 (Exec base: 0x08000000, Load base: 0x08000000, Size: 0x000079b4, Max: 0x00080000, ABSOLUTE)

    Exec Addr    Load Addr    Size         Type   Attr      Idx    E Section Name        Object

    0x08000000   0x08000000   0x00000198   Data   RO            3    RESET               startup_stm32f411xe.o
    0x08000198   0x08000198   0x00000008   Code   RO         5594  * !!!main             c_w.l(__main.o)
    0x080001a0   0x080001a0   0x00000034   Code   RO         5895    !!!scatter          c_w.l(__scatter.o)
    0x080001d4   0x080001d4   0x0000001a   Code   RO         5897    !!handler_copy      c_w.l(__scatter_copy.o)
    0x080001ee   0x080001ee   0x00000002   PAD
    0x080001f0   0x080001f0   0x0000001c   Code   RO         5899    !!handler_zi        c_w.l(__scatter_zi.o)
    0x0800020c   0x0800020c   0x00000000   Code   RO         5583    .ARM.Collect$$_printf_percent$$00000000  c_w.l(_printf_percent.o)
    0x0800020c   0x0800020c   0x00000006   Code   RO         5582    .ARM.Collect$$_printf_percent$$00000009  c_w.l(_printf_d.o)
    0x08000212   0x08000212   0x00000006   Code   RO         5581    .ARM.Collect$$_printf_percent$$0000000C  c_w.l(_printf_x.o)
    0x08000218   0x08000218   0x00000004   Code   RO         5641    .ARM.Collect$$_printf_percent$$00000017  c_w.l(_printf_percent_end.o)
    0x0800021c   0x0800021c   0x00000002   Code   RO         5770    .ARM.Collect$$libinit$$00000000  c_w.l(libinit.o)
    0x0800021e   0x0800021e   0x00000004   Code   RO         5779    .ARM.Collect$$libinit$$00000001  c_w.l(libinit2.o)
    0x08000222   0x08000222   0x00000000   Code   RO         5782    .ARM.Collect$$libinit$$00000004  c_w.l(libinit2.o)
    0x08000222   0x08000222   0x00000000   Code   RO         5785    .ARM.Collect$$libinit$$0000000A  c_w.l(libinit2.o)
    0x08000222   0x08000222   0x00000000   Code   RO         5787    .ARM.Collect$$libinit$$0000000C  c_w.l(libinit2.o)
    0x08000222   0x08000222   0x00000000   Code   RO         5789    .ARM.Collect$$libinit$$0000000E  c_w.l(libinit2.o)
    0x08000222   0x08000222   0x00000000   Code   RO         5792    .ARM.Collect$$libinit$$00000011  c_w.l(libinit2.o)
    0x08000222   0x08000222   0x00000000   Code   RO         5794    .ARM.Collect$$libinit$$00000013  c_w.l(libinit2.o)
    0x08000222   0x08000222   0x00000000   Code   RO         5796    .ARM.Collect$$libinit$$00000015  c_w.l(libinit2.o)
    0x08000222   0x08000222   0x00000000   Code   RO         5798    .ARM.Collect$$libinit$$00000017  c_w.l(libinit2.o)
    0x08000222   0x08000222   0x00000000   Code   RO         5800    .ARM.Collect$$libinit$$00000019  c_w.l(libinit2.o)
    0x08000222   0x08000222   0x00000000   Code   RO         5802    .ARM.Collect$$libinit$$0000001B  c_w.l(libinit2.o)
    0x08000222   0x08000222   0x00000000   Code   RO         5804    .ARM.Collect$$libinit$$0000001D  c_w.l(libinit2.o)
    0x08000222   0x08000222   0x00000000   Code   RO         5806    .ARM.Collect$$libinit$$0000001F  c_w.l(libinit2.o)
    0x08000222   0x08000222   0x00000000   Code   RO         5808    .ARM.Collect$$libinit$$00000021  c_w.l(libinit2.o)
    0x08000222   0x08000222   0x00000000   Code   RO         5810    .ARM.Collect$$libinit$$00000023  c_w.l(libinit2.o)
    0x08000222   0x08000222   0x00000000   Code   RO         5812    .ARM.Collect$$libinit$$00000025  c_w.l(libinit2.o)
    0x08000222   0x08000222   0x00000000   Code   RO         5816    .ARM.Collect$$libinit$$0000002C  c_w.l(libinit2.o)
    0x08000222   0x08000222   0x00000000   Code   RO         5818    .ARM.Collect$$libinit$$0000002E  c_w.l(libinit2.o)
    0x08000222   0x08000222   0x00000000   Code   RO         5820    .ARM.Collect$$libinit$$00000030  c_w.l(libinit2.o)
    0x08000222   0x08000222   0x00000000   Code   RO         5822    .ARM.Collect$$libinit$$00000032  c_w.l(libinit2.o)
    0x08000222   0x08000222   0x00000002   Code   RO         5823    .ARM.Collect$$libinit$$00000033  c_w.l(libinit2.o)
    0x08000224   0x08000224   0x00000002   Code   RO         5849    .ARM.Collect$$libshutdown$$00000000  c_w.l(libshutdown.o)
    0x08000226   0x08000226   0x00000000   Code   RO         5876    .ARM.Collect$$libshutdown$$00000002  c_w.l(libshutdown2.o)
    0x08000226   0x08000226   0x00000000   Code   RO         5878    .ARM.Collect$$libshutdown$$00000004  c_w.l(libshutdown2.o)
    0x08000226   0x08000226   0x00000000   Code   RO         5880    .ARM.Collect$$libshutdown$$00000006  c_w.l(libshutdown2.o)
    0x08000226   0x08000226   0x00000000   Code   RO         5883    .ARM.Collect$$libshutdown$$00000009  c_w.l(libshutdown2.o)
    0x08000226   0x08000226   0x00000000   Code   RO         5886    .ARM.Collect$$libshutdown$$0000000C  c_w.l(libshutdown2.o)
    0x08000226   0x08000226   0x00000000   Code   RO         5888    .ARM.Collect$$libshutdown$$0000000E  c_w.l(libshutdown2.o)
    0x08000226   0x08000226   0x00000000   Code   RO         5891    .ARM.Collect$$libshutdown$$00000011  c_w.l(libshutdown2.o)
    0x08000226   0x08000226   0x00000002   Code   RO         5892    .ARM.Collect$$libshutdown$$00000012  c_w.l(libshutdown2.o)
    0x08000228   0x08000228   0x00000000   Code   RO         5630    .ARM.Collect$$rtentry$$00000000  c_w.l(__rtentry.o)
    0x08000228   0x08000228   0x00000000   Code   RO         5719    .ARM.Collect$$rtentry$$00000002  c_w.l(__rtentry2.o)
    0x08000228   0x08000228   0x00000006   Code   RO         5731    .ARM.Collect$$rtentry$$00000004  c_w.l(__rtentry4.o)
    0x0800022e   0x0800022e   0x00000000   Code   RO         5721    .ARM.Collect$$rtentry$$00000009  c_w.l(__rtentry2.o)
    0x0800022e   0x0800022e   0x00000004   Code   RO         5722    .ARM.Collect$$rtentry$$0000000A  c_w.l(__rtentry2.o)
    0x08000232   0x08000232   0x00000000   Code   RO         5724    .ARM.Collect$$rtentry$$0000000C  c_w.l(__rtentry2.o)
    0x08000232   0x08000232   0x00000008   Code   RO         5725    .ARM.Collect$$rtentry$$0000000D  c_w.l(__rtentry2.o)
    0x0800023a   0x0800023a   0x00000002   Code   RO         5771    .ARM.Collect$$rtexit$$00000000  c_w.l(rtexit.o)
    0x0800023c   0x0800023c   0x00000000   Code   RO         5825    .ARM.Collect$$rtexit$$00000002  c_w.l(rtexit2.o)
    0x0800023c   0x0800023c   0x00000004   Code   RO         5826    .ARM.Collect$$rtexit$$00000003  c_w.l(rtexit2.o)
    0x08000240   0x08000240   0x00000006   Code   RO         5827    .ARM.Collect$$rtexit$$00000004  c_w.l(rtexit2.o)
    0x08000246   0x08000246   0x00000002   PAD
    0x08000248   0x08000248   0x00000040   Code   RO            4    .text               startup_stm32f411xe.o
    0x08000288   0x08000288   0x00000002   Code   RO         5524    .text               c_w.l(use_no_semi_2.o)
    0x0800028a   0x0800028a   0x000000ee   Code   RO         5526    .text               c_w.l(lludivv7m.o)
    0x08000378   0x08000378   0x00000018   Code   RO         5532    .text               c_w.l(noretval__2printf.o)
    0x08000390   0x08000390   0x00000078   Code   RO         5538    .text               c_w.l(_printf_dec.o)
    0x08000408   0x08000408   0x00000058   Code   RO         5543    .text               c_w.l(_printf_hex_int.o)
    0x08000460   0x08000460   0x00000138   Code   RO         5573    .text               c_w.l(__printf_flags_wp.o)
    0x08000598   0x08000598   0x0000003e   Code   RO         5586    .text               c_w.l(strlen.o)
    0x080005d6   0x080005d6   0x0000004e   Code   RO         5590    .text               c_w.l(rt_memclr_w.o)
    0x08000624   0x08000624   0x00000006   Code   RO         5592    .text               c_w.l(heapauxi.o)
    0x0800062a   0x0800062a   0x00000002   Code   RO         5628    .text               c_w.l(use_no_semi.o)
    0x0800062c   0x0800062c   0x000000b2   Code   RO         5637    .text               c_w.l(_printf_intcommon.o)
    0x080006de   0x080006de   0x00000002   PAD
    0x080006e0   0x080006e0   0x00000024   Code   RO         5639    .text               c_w.l(_printf_char_file.o)
    0x08000704   0x08000704   0x00000030   Code   RO         5740    .text               c_w.l(_printf_char_common.o)
    0x08000734   0x08000734   0x00000008   Code   RO         5742    .text               c_w.l(ferror.o)
    0x0800073c   0x0800073c   0x00000008   Code   RO         5752    .text               c_w.l(libspace.o)
    0x08000744   0x08000744   0x0000004a   Code   RO         5755    .text               c_w.l(sys_stackheap_outer.o)
    0x0800078e   0x0800078e   0x00000012   Code   RO         5759    .text               c_w.l(exit.o)
    0x080007a0   0x080007a0   0x00000160   Code   RO          612    i.ADC_Init          stm32f4xx_hal_adc.o
    0x08000900   0x08000900   0x00000004   Code   RO          482    i.BusFault_Handler  stm32f4xx_it.o
    0x08000904   0x08000904   0x00000030   Code   RO         5265    i.Crc16             hp6.o
    0x08000934   0x08000934   0x00000002   Code   RO          483    i.DebugMon_Handler  stm32f4xx_it.o
    0x08000936   0x08000936   0x00000006   Code   RO           13    i.Error_Handler     main.o
    0x0800093c   0x0800093c   0x0000004e   Code   RO         4469    i.Get_ADC_Key_State  button.o
    0x0800098a   0x0800098a   0x00000002   PAD
    0x0800098c   0x0800098c   0x0000002c   Code   RO         4470    i.Get_ADC_Value     button.o
    0x080009b8   0x080009b8   0x000001a4   Code   RO          614    i.HAL_ADC_ConfigChannel  stm32f4xx_hal_adc.o
    0x08000b5c   0x08000b5c   0x00000008   Code   RO          621    i.HAL_ADC_GetValue  stm32f4xx_hal_adc.o
    0x08000b64   0x08000b64   0x00000068   Code   RO          623    i.HAL_ADC_Init      stm32f4xx_hal_adc.o
    0x08000bcc   0x08000bcc   0x00000080   Code   RO          267    i.HAL_ADC_MspInit   adc.o
    0x08000c4c   0x08000c4c   0x000000ce   Code   RO          627    i.HAL_ADC_PollForConversion  stm32f4xx_hal_adc.o
    0x08000d1a   0x08000d1a   0x00000002   PAD
    0x08000d1c   0x08000d1c   0x00000114   Code   RO          629    i.HAL_ADC_Start     stm32f4xx_hal_adc.o
    0x08000e30   0x08000e30   0x00000048   Code   RO          632    i.HAL_ADC_Stop      stm32f4xx_hal_adc.o
    0x08000e78   0x08000e78   0x000000ac   Code   RO         1458    i.HAL_DMA_Abort     stm32f4xx_hal_dma.o
    0x08000f24   0x08000f24   0x00000028   Code   RO         1459    i.HAL_DMA_Abort_IT  stm32f4xx_hal_dma.o
    0x08000f4c   0x08000f4c   0x00000028   Code   RO         1924    i.HAL_Delay         stm32f4xx_hal.o
    0x08000f74   0x08000f74   0x000001c8   Code   RO         1351    i.HAL_GPIO_Init     stm32f4xx_hal_gpio.o
    0x0800113c   0x0800113c   0x00000010   Code   RO         1353    i.HAL_GPIO_ReadPin  stm32f4xx_hal_gpio.o
    0x0800114c   0x0800114c   0x0000000c   Code   RO         1355    i.HAL_GPIO_WritePin  stm32f4xx_hal_gpio.o
    0x08001158   0x08001158   0x0000000c   Code   RO         1930    i.HAL_GetTick       stm32f4xx_hal.o
    0x08001164   0x08001164   0x00000018   Code   RO         1936    i.HAL_IncTick       stm32f4xx_hal.o
    0x0800117c   0x0800117c   0x0000003c   Code   RO         1937    i.HAL_Init          stm32f4xx_hal.o
    0x080011b8   0x080011b8   0x0000004c   Code   RO         1938    i.HAL_InitTick      stm32f4xx_hal.o
    0x08001204   0x08001204   0x00000050   Code   RO          585    i.HAL_MspInit       stm32f4xx_hal_msp.o
    0x08001254   0x08001254   0x00000028   Code   RO         1767    i.HAL_NVIC_EnableIRQ  stm32f4xx_hal_cortex.o
    0x0800127c   0x0800127c   0x0000007c   Code   RO         1773    i.HAL_NVIC_SetPriority  stm32f4xx_hal_cortex.o
    0x080012f8   0x080012f8   0x00000028   Code   RO         1774    i.HAL_NVIC_SetPriorityGrouping  stm32f4xx_hal_cortex.o
    0x08001320   0x08001320   0x000001b8   Code   RO          993    i.HAL_RCCEx_PeriphCLKConfig  stm32f4xx_hal_rcc_ex.o
    0x080014d8   0x080014d8   0x00000184   Code   RO          888    i.HAL_RCC_ClockConfig  stm32f4xx_hal_rcc.o
    0x0800165c   0x0800165c   0x0000000c   Code   RO          893    i.HAL_RCC_GetHCLKFreq  stm32f4xx_hal_rcc.o
    0x08001668   0x08001668   0x00000020   Code   RO          895    i.HAL_RCC_GetPCLK1Freq  stm32f4xx_hal_rcc.o
    0x08001688   0x08001688   0x00000020   Code   RO          896    i.HAL_RCC_GetPCLK2Freq  stm32f4xx_hal_rcc.o
    0x080016a8   0x080016a8   0x000000b0   Code   RO          897    i.HAL_RCC_GetSysClockFreq  stm32f4xx_hal_rcc.o
    0x08001758   0x08001758   0x0000049c   Code   RO          900    i.HAL_RCC_OscConfig  stm32f4xx_hal_rcc.o
    0x08001bf4   0x08001bf4   0x0000004c   Code   RO         2185    i.HAL_RTC_GetDate   stm32f4xx_hal_rtc.o
    0x08001c40   0x08001c40   0x0000005c   Code   RO         2187    i.HAL_RTC_GetTime   stm32f4xx_hal_rtc.o
    0x08001c9c   0x08001c9c   0x000000b4   Code   RO         2188    i.HAL_RTC_Init      stm32f4xx_hal_rtc.o
    0x08001d50   0x08001d50   0x0000003c   Code   RO          309    i.HAL_RTC_MspInit   rtc.o
    0x08001d8c   0x08001d8c   0x000000c0   Code   RO         2194    i.HAL_RTC_SetDate   stm32f4xx_hal_rtc.o
    0x08001e4c   0x08001e4c   0x000000ec   Code   RO         2195    i.HAL_RTC_SetTime   stm32f4xx_hal_rtc.o
    0x08001f38   0x08001f38   0x00000038   Code   RO         2196    i.HAL_RTC_WaitForSynchro  stm32f4xx_hal_rtc.o
    0x08001f70   0x08001f70   0x000000c8   Code   RO         2576    i.HAL_SPI_Init      stm32f4xx_hal_spi.o
    0x08002038   0x08002038   0x00000088   Code   RO          351    i.HAL_SPI_MspInit   spi.o
    0x080020c0   0x080020c0   0x000001be   Code   RO         2584    i.HAL_SPI_Transmit  stm32f4xx_hal_spi.o
    0x0800227e   0x0800227e   0x00000034   Code   RO         1778    i.HAL_SYSTICK_Config  stm32f4xx_hal_cortex.o
    0x080022b2   0x080022b2   0x00000002   Code   RO         3604    i.HAL_TIMEx_BreakCallback  stm32f4xx_hal_tim_ex.o
    0x080022b4   0x080022b4   0x00000002   Code   RO         3605    i.HAL_TIMEx_CommutCallback  stm32f4xx_hal_tim_ex.o
    0x080022b6   0x080022b6   0x00000066   Code   RO         2889    i.HAL_TIM_Base_Init  stm32f4xx_hal_tim.o
    0x0800231c   0x0800231c   0x00000074   Code   RO          393    i.HAL_TIM_Base_MspInit  tim.o
    0x08002390   0x08002390   0x00000084   Code   RO         2892    i.HAL_TIM_Base_Start  stm32f4xx_hal_tim.o
    0x08002414   0x08002414   0x0000010c   Code   RO         2898    i.HAL_TIM_ConfigClockSource  stm32f4xx_hal_tim.o
    0x08002520   0x08002520   0x00000002   Code   RO         2923    i.HAL_TIM_IC_CaptureCallback  stm32f4xx_hal_tim.o
    0x08002522   0x08002522   0x0000016c   Code   RO         2937    i.HAL_TIM_IRQHandler  stm32f4xx_hal_tim.o
    0x0800268e   0x0800268e   0x00000002   Code   RO         2940    i.HAL_TIM_OC_DelayElapsedCallback  stm32f4xx_hal_tim.o
    0x08002690   0x08002690   0x00000002   Code   RO         2967    i.HAL_TIM_PWM_PulseFinishedCallback  stm32f4xx_hal_tim.o
    0x08002692   0x08002692   0x00000002   PAD
    0x08002694   0x08002694   0x000000c8   Code   RO          484    i.HAL_TIM_PeriodElapsedCallback  stm32f4xx_it.o
    0x0800275c   0x0800275c   0x00000002   Code   RO         2980    i.HAL_TIM_TriggerCallback  stm32f4xx_hal_tim.o
    0x0800275e   0x0800275e   0x00000002   Code   RO         3883    i.HAL_UARTEx_RxEventCallback  stm32f4xx_hal_uart.o
    0x08002760   0x08002760   0x00000002   Code   RO         3897    i.HAL_UART_ErrorCallback  stm32f4xx_hal_uart.o
    0x08002762   0x08002762   0x00000002   PAD
    0x08002764   0x08002764   0x00000308   Code   RO         3900    i.HAL_UART_IRQHandler  stm32f4xx_hal_uart.o
    0x08002a6c   0x08002a6c   0x00000076   Code   RO         3901    i.HAL_UART_Init     stm32f4xx_hal_uart.o
    0x08002ae2   0x08002ae2   0x00000002   PAD
    0x08002ae4   0x08002ae4   0x00000098   Code   RO          441    i.HAL_UART_MspInit  usart.o
    0x08002b7c   0x08002b7c   0x00000002   Code   RO         3907    i.HAL_UART_RxCpltCallback  stm32f4xx_hal_uart.o
    0x08002b7e   0x08002b7e   0x000000be   Code   RO         3909    i.HAL_UART_Transmit  stm32f4xx_hal_uart.o
    0x08002c3c   0x08002c3c   0x00000002   Code   RO         3912    i.HAL_UART_TxCpltCallback  stm32f4xx_hal_uart.o
    0x08002c3e   0x08002c3e   0x00000002   PAD
    0x08002c40   0x08002c40   0x00000034   Code   RO         5266    i.HP6_Init          hp6.o
    0x08002c74   0x08002c74   0x00000078   Code   RO         5271    i.HP_6_OpenRate     hp6.o
    0x08002cec   0x08002cec   0x0000003e   Code   RO         5273    i.HP_6_SendCmd_CRC  hp6.o
    0x08002d2a   0x08002d2a   0x00000004   Code   RO          485    i.HardFault_Handler  stm32f4xx_it.o
    0x08002d2e   0x08002d2e   0x0000003c   Code   RO         5274    i.Hp_6_I2CRead      hp6.o
    0x08002d6a   0x08002d6a   0x0000002e   Code   RO         5275    i.Hp_6_I2CWrite     hp6.o
    0x08002d98   0x08002d98   0x00000118   Code   RO         4472    i.Key_Scan          button.o
    0x08002eb0   0x08002eb0   0x00000096   Code   RO         4645    i.MPU6050_GetData   mpu6050.o
    0x08002f46   0x08002f46   0x00000002   PAD
    0x08002f48   0x08002f48   0x00000078   Code   RO         4646    i.MPU6050_Init      mpu6050.o
    0x08002fc0   0x08002fc0   0x00000062   Code   RO         4648    i.MPU6050_ReadReg   mpu6050.o
    0x08003022   0x08003022   0x00000054   Code   RO         4650    i.MPU6050_WriteReg  mpu6050.o
    0x08003076   0x08003076   0x00000002   PAD
    0x08003078   0x08003078   0x00000070   Code   RO          268    i.MX_ADC1_Init      adc.o
    0x080030e8   0x080030e8   0x00000150   Code   RO          242    i.MX_GPIO_Init      gpio.o
    0x08003238   0x08003238   0x00000088   Code   RO          310    i.MX_RTC_Init       rtc.o
    0x080032c0   0x080032c0   0x00000044   Code   RO          352    i.MX_SPI1_Init      spi.o
    0x08003304   0x08003304   0x00000034   Code   RO          394    i.MX_TIM11_Init     tim.o
    0x08003338   0x08003338   0x00000060   Code   RO          395    i.MX_TIM9_Init      tim.o
    0x08003398   0x08003398   0x00000068   Code   RO          442    i.MX_USART1_UART_Init  usart.o
    0x08003400   0x08003400   0x00000004   Code   RO          486    i.MemManage_Handler  stm32f4xx_it.o
    0x08003404   0x08003404   0x00000004   Code   RO          487    i.NMI_Handler       stm32f4xx_it.o
    0x08003408   0x08003408   0x0000004e   Code   RO         4382    i.OLED_Clear        oled.o
    0x08003456   0x08003456   0x000000f6   Code   RO         4384    i.OLED_Init         oled.o
    0x0800354c   0x0800354c   0x0000002c   Code   RO         4385    i.OLED_RST          oled.o
    0x08003578   0x08003578   0x0000002a   Code   RO         4386    i.OLED_SetCursor    oled.o
    0x080035a2   0x080035a2   0x00000050   Code   RO         4389    i.OLED_ShowImage    oled.o
    0x080035f2   0x080035f2   0x00000002   PAD
    0x080035f4   0x080035f4   0x00000044   Code   RO         4391    i.OLED_WriteByte    oled.o
    0x08003638   0x08003638   0x00000002   Code   RO          488    i.PendSV_Handler    stm32f4xx_it.o
    0x0800363a   0x0800363a   0x00000016   Code   RO         2197    i.RTC_Bcd2ToByte    stm32f4xx_hal_rtc.o
    0x08003650   0x08003650   0x0000001a   Code   RO         2198    i.RTC_ByteToBcd2    stm32f4xx_hal_rtc.o
    0x0800366a   0x0800366a   0x0000004a   Code   RO         2199    i.RTC_EnterInitMode  stm32f4xx_hal_rtc.o
    0x080036b4   0x080036b4   0x0000002e   Code   RO         2200    i.RTC_ExitInitMode  stm32f4xx_hal_rtc.o
    0x080036e2   0x080036e2   0x00000002   PAD
    0x080036e4   0x080036e4   0x0000005c   Code   RO         5392    i.RTC_GetDateTime   myrtc.o
    0x08003740   0x08003740   0x0000006c   Code   RO         5393    i.RTC_SetDateTime   myrtc.o
    0x080037ac   0x080037ac   0x0000004a   Code   RO         4515    i.SHT20_Init        sht20.o
    0x080037f6   0x080037f6   0x00000002   PAD
    0x080037f8   0x080037f8   0x00000014   Code   RO         4392    i.SPI1_SendByte     oled.o
    0x0800380c   0x0800380c   0x00000088   Code   RO         2614    i.SPI_EndRxTxTransaction  stm32f4xx_hal_spi.o
    0x08003894   0x08003894   0x000000d8   Code   RO         2619    i.SPI_WaitFlagStateUntilTimeout  stm32f4xx_hal_spi.o
    0x0800396c   0x0800396c   0x00000002   Code   RO          489    i.SVC_Handler       stm32f4xx_it.o
    0x0800396e   0x0800396e   0x00000002   PAD
    0x08003970   0x08003970   0x0000001c   Code   RO         5462    i.Soft_I2C_Init     myi2c.o
    0x0800398c   0x0800398c   0x00000054   Code   RO         5463    i.Soft_I2C_Rec_Ack  myi2c.o
    0x080039e0   0x080039e0   0x0000006c   Code   RO         5464    i.Soft_I2C_Rec_Byte  myi2c.o
    0x08003a4c   0x08003a4c   0x00000064   Code   RO         5465    i.Soft_I2C_Send_Ack  myi2c.o
    0x08003ab0   0x08003ab0   0x00000074   Code   RO         5466    i.Soft_I2C_Send_Byte  myi2c.o
    0x08003b24   0x08003b24   0x00000048   Code   RO         5467    i.Soft_I2C_Start    myi2c.o
    0x08003b6c   0x08003b6c   0x0000003c   Code   RO         5468    i.Soft_I2C_Stop     myi2c.o
    0x08003ba8   0x08003ba8   0x00000008   Code   RO          490    i.SysTick_Handler   stm32f4xx_it.o
    0x08003bb0   0x08003bb0   0x000000b8   Code   RO           14    i.SystemClock_Config  main.o
    0x08003c68   0x08003c68   0x00000014   Code   RO         4245    i.SystemInit        system_stm32f4xx.o
    0x08003c7c   0x08003c7c   0x00000010   Code   RO          491    i.TIM1_BRK_TIM9_IRQHandler  stm32f4xx_it.o
    0x08003c8c   0x08003c8c   0x000000ac   Code   RO         2982    i.TIM_Base_SetConfig  stm32f4xx_hal_tim.o
    0x08003d38   0x08003d38   0x00000016   Code   RO         2993    i.TIM_ETR_SetConfig  stm32f4xx_hal_tim.o
    0x08003d4e   0x08003d4e   0x00000012   Code   RO         2994    i.TIM_ITRx_SetConfig  stm32f4xx_hal_tim.o
    0x08003d60   0x08003d60   0x00000026   Code   RO         3000    i.TIM_TI1_ConfigInputStage  stm32f4xx_hal_tim.o
    0x08003d86   0x08003d86   0x00000028   Code   RO         3002    i.TIM_TI2_ConfigInputStage  stm32f4xx_hal_tim.o
    0x08003dae   0x08003dae   0x00000012   Code   RO         3914    i.UART_DMAAbortOnError  stm32f4xx_hal_uart.o
    0x08003dc0   0x08003dc0   0x0000006c   Code   RO         3924    i.UART_EndRxTransfer  stm32f4xx_hal_uart.o
    0x08003e2c   0x08003e2c   0x00000020   Code   RO         3925    i.UART_EndTransmit_IT  stm32f4xx_hal_uart.o
    0x08003e4c   0x08003e4c   0x000000fc   Code   RO         3927    i.UART_Receive_IT   stm32f4xx_hal_uart.o
    0x08003f48   0x08003f48   0x00000020   Code   RO         4308    i.UART_SendString   uart.o
    0x08003f68   0x08003f68   0x0000022c   Code   RO         3928    i.UART_SetConfig    stm32f4xx_hal_uart.o
    0x08004194   0x08004194   0x00000060   Code   RO         3931    i.UART_Transmit_IT  stm32f4xx_hal_uart.o
    0x080041f4   0x080041f4   0x0000008c   Code   RO         3932    i.UART_WaitOnFlagUntilTimeout  stm32f4xx_hal_uart.o
    0x08004280   0x08004280   0x00000078   Code   RO          492    i.USART1_IRQHandler  stm32f4xx_it.o
    0x080042f8   0x080042f8   0x00000004   Code   RO          493    i.UsageFault_Handler  stm32f4xx_it.o
    0x080042fc   0x080042fc   0x00000010   Code   RO         1780    i.__NVIC_GetPriorityGrouping  stm32f4xx_hal_cortex.o
    0x0800430c   0x0800430c   0x00000028   Code   RO         1781    i.__NVIC_SetPriority  stm32f4xx_hal_cortex.o
    0x08004334   0x08004334   0x0000000e   Code   RO         5571    i._is_digit         c_w.l(__printf_wp.o)
    0x08004342   0x08004342   0x00000006   Code   RO         4309    i._sys_exit         uart.o
    0x08004348   0x08004348   0x00000088   Code   RO         5428    i.delay_ms          timer.o
    0x080043d0   0x080043d0   0x00000080   Code   RO         5429    i.delay_us          timer.o
    0x08004450   0x08004450   0x00000020   Code   RO         4310    i.fputc             uart.o
    0x08004470   0x08004470   0x00000058   Code   RO         5276    i.hp6_iic_get_ack   hp6.o
    0x080044c8   0x080044c8   0x00000068   Code   RO         5277    i.hp6_iic_rec_byte  hp6.o
    0x08004530   0x08004530   0x00000054   Code   RO         5278    i.hp6_iic_send_ack  hp6.o
    0x08004584   0x08004584   0x00000068   Code   RO         5279    i.hp6_iic_send_byte  hp6.o
    0x080045ec   0x080045ec   0x00000048   Code   RO         5280    i.hp6_iic_star      hp6.o
    0x08004634   0x08004634   0x0000003c   Code   RO         5281    i.hp6_iic_stop      hp6.o
    0x08004670   0x08004670   0x000000c0   Code   RO           15    i.main              main.o
    0x08004730   0x08004730   0x0000000a   Code   RO         5837    x$fpl$fpinit        fz_wm.l(fpinit.o)
    0x0800473a   0x0800473a   0x00000018   Data   RO         4246    .constdata          system_stm32f4xx.o
    0x08004752   0x08004752   0x00003005   Data   RO         4559    .constdata          font.o
    0x08007757   0x08007757   0x00000001   PAD
    0x08007758   0x08007758   0x00000200   Data   RO         5282    .constdata          hp6.o
    0x08007958   0x08007958   0x00000028   Data   RO         5544    .constdata          c_w.l(_printf_hex_int.o)
    0x08007980   0x08007980   0x00000011   Data   RO         5574    .constdata          c_w.l(__printf_flags_wp.o)
    0x08007991   0x08007991   0x00000003   PAD
    0x08007994   0x08007994   0x00000020   Data   RO         5893    Region$$Table       anon$$obj.o


    Execution Region RW_IRAM1 (Exec base: 0x20000000, Load base: 0x080079b4, Size: 0x00000950, Max: 0x00020000, ABSOLUTE)

    Exec Addr    Load Addr    Size         Type   Attr      Idx    E Section Name        Object

    0x20000000   0x080079b4   0x00000009   Data   RW          495    .data               stm32f4xx_it.o
    0x20000009   0x080079bd   0x00000003   PAD
    0x2000000c   0x080079c0   0x00000009   Data   RW         1944    .data               stm32f4xx_hal.o
    0x20000015   0x080079c9   0x00000003   PAD
    0x20000018   0x080079cc   0x00000004   Data   RW         4247    .data               system_stm32f4xx.o
    0x2000001c   0x080079d0   0x00000004   Data   RW         4312    .data               uart.o
    0x20000020   0x080079d4   0x00000006   Data   RW         4473    .data               button.o
    0x20000026   0x080079da   0x000000d8   Data   RW         5283    .data               hp6.o
    0x200000fe   0x08007ab2   0x00000008   Data   RW         5394    .data               myrtc.o
    0x20000106   0x08007aba   0x00000002   PAD
    0x20000108        -       0x00000048   Zero   RW          269    .bss                adc.o
    0x20000150        -       0x00000020   Zero   RW          311    .bss                rtc.o
    0x20000170        -       0x00000058   Zero   RW          353    .bss                spi.o
    0x200001c8        -       0x00000090   Zero   RW          396    .bss                tim.o
    0x20000258        -       0x00000048   Zero   RW          443    .bss                usart.o
    0x200002a0        -       0x00000030   Zero   RW          494    .bss                stm32f4xx_it.o
    0x200002d0        -       0x00000020   Zero   RW         4311    .bss                uart.o
    0x200002f0        -       0x00000060   Zero   RW         5753    .bss                c_w.l(libspace.o)
    0x20000350        -       0x00000200   Zero   RW            2    HEAP                startup_stm32f411xe.o
    0x20000550        -       0x00000400   Zero   RW            1    STACK               startup_stm32f411xe.o


==============================================================================

Image component sizes


      Code (inc. data)   RO Data    RW Data    ZI Data      Debug   Object Name

       240         26          0          0         72       1713   adc.o
       402         34          0          6          0       3341   button.o
         0          0      12293          0          0        874   font.o
       336         16          0          0          0       1059   gpio.o
       900         86        512        216          0       7919   hp6.o
       382         58          0          0          0     456440   main.o
       452         40          0          0          0       4300   mpu6050.o
       568         38          0          0          0       3837   myi2c.o
       200          8          0          8          0       2231   myrtc.o
       578         18          0          0          0       4483   oled.o
       196         16          0          0         32       1691   rtc.o
        74          0          0          0          0        621   sht20.o
       204         22          0          0         88       1669   spi.o
        64         26        408          0       1536        844   startup_stm32f411xe.o
       212         36          0          9          0       9245   stm32f4xx_hal.o
      1438         48          0          0          0       5761   stm32f4xx_hal_adc.o
       312         22          0          0          0      34323   stm32f4xx_hal_cortex.o
       212          0          0          0          0       1951   stm32f4xx_hal_dma.o
       484         32          0          0          0       2755   stm32f4xx_hal_gpio.o
        80          6          0          0          0        862   stm32f4xx_hal_msp.o
      1820         84          0          0          0       5620   stm32f4xx_hal_rcc.o
       440         24          0          0          0       1412   stm32f4xx_hal_rcc_ex.o
      1000         28          0          0          0       7965   stm32f4xx_hal_rtc.o
       998         12          0          0          0       4326   stm32f4xx_hal_spi.o
      1164         52          0          0          0       9752   stm32f4xx_hal_tim.o
         4          0          0          0          0       1593   stm32f4xx_hal_tim_ex.o
      2294         14          0          0          0      11572   stm32f4xx_hal_uart.o
       370         46          0          9         48       7106   stm32f4xx_it.o
        20          6         24          4          0       1127   system_stm32f4xx.o
       264         30          0          0        144       2189   tim.o
       264         18          0          0          0       1018   timer.o
        70         10          0          4         32       3650   uart.o
       256         22          0          0         72       1706   usart.o

    ----------------------------------------------------------------------
     16322        878      13270        264       2024     604955   Object Totals
         0          0         32          0          0          0   (incl. Generated)
        24          0          1          8          0          0   (incl. Padding)

    ----------------------------------------------------------------------

      Code (inc. data)   RO Data    RW Data    ZI Data      Debug   Library Member Name

         8          0          0          0          0         68   __main.o
       312          4         17          0          0         92   __printf_flags_wp.o
        14          0          0          0          0         68   __printf_wp.o
         0          0          0          0          0          0   __rtentry.o
        12          0          0          0          0          0   __rtentry2.o
         6          0          0          0          0          0   __rtentry4.o
        52          8          0          0          0          0   __scatter.o
        26          0          0          0          0          0   __scatter_copy.o
        28          0          0          0          0          0   __scatter_zi.o
        48          6          0          0          0         96   _printf_char_common.o
        36          4          0          0          0         80   _printf_char_file.o
         6          0          0          0          0          0   _printf_d.o
       120         16          0          0          0         92   _printf_dec.o
        88          4         40          0          0         88   _printf_hex_int.o
       178          0          0          0          0         88   _printf_intcommon.o
         0          0          0          0          0          0   _printf_percent.o
         4          0          0          0          0          0   _printf_percent_end.o
         6          0          0          0          0          0   _printf_x.o
        18          0          0          0          0         80   exit.o
         8          0          0          0          0         68   ferror.o
         6          0          0          0          0        152   heapauxi.o
         2          0          0          0          0          0   libinit.o
         6          0          0          0          0          0   libinit2.o
         2          0          0          0          0          0   libshutdown.o
         2          0          0          0          0          0   libshutdown2.o
         8          4          0          0         96         68   libspace.o
       238          0          0          0          0        100   lludivv7m.o
        24          4          0          0          0         84   noretval__2printf.o
        78          0          0          0          0         80   rt_memclr_w.o
         2          0          0          0          0          0   rtexit.o
        10          0          0          0          0          0   rtexit2.o
        62          0          0          0          0         76   strlen.o
        74          0          0          0          0         80   sys_stackheap_outer.o
         2          0          0          0          0         68   use_no_semi.o
         2          0          0          0          0         68   use_no_semi_2.o
        10          0          0          0          0        116   fpinit.o

    ----------------------------------------------------------------------
      1504         50         60          0         96       1712   Library Totals
         6          0          3          0          0          0   (incl. Padding)

    ----------------------------------------------------------------------

      Code (inc. data)   RO Data    RW Data    ZI Data      Debug   Library Name

      1488         50         57          0         96       1596   c_w.l
        10          0          0          0          0        116   fz_wm.l

    ----------------------------------------------------------------------
      1504         50         60          0         96       1712   Library Totals

    ----------------------------------------------------------------------

==============================================================================


      Code (inc. data)   RO Data    RW Data    ZI Data      Debug   

     17826        928      13330        264       2120     592187   Grand Totals
     17826        928      13330        264       2120     592187   ELF Image Totals
     17826        928      13330        264          0          0   ROM Totals

==============================================================================

    Total RO  Size (Code + RO Data)                31156 (  30.43kB)
    Total RW  Size (RW Data + ZI Data)              2384 (   2.33kB)
    Total ROM Size (Code + RO Data + RW Data)      31420 (  30.68kB)

==============================================================================

