<html>
<body>
<pre>
<h1>礦ision Build Log</h1>
<h2>Tool Versions:</h2>
IDE-Version: μVision V5.36.0.0
Copyright (C) 2021 ARM Ltd and ARM Germany GmbH. All rights reserved.
License Information: sadf Orion, wf, LIC=8VRJ7-E7EFF-HLVCL-0I3JS-HGE9H-50784
 
Tool Versions:
Toolchain:       MDK-ARM Plus  Version: 5.36.0.0
Toolchain Path:  D:\Keil5\ARM\ARMCC\Bin
C Compiler:      Armcc.exe V5.06 update 7 (build 960)
Assembler:       Armasm.exe V5.06 update 7 (build 960)
Linker/Locator:  ArmLink.exe V5.06 update 7 (build 960)
Library Manager: ArmAr.exe V5.06 update 7 (build 960)
Hex Converter:   FromElf.exe V5.06 update 7 (build 960)
CPU DLL:         SARMCM3.DLL V5.36.0.0
Dialog DLL:      DCM.DLL V1.17.3.0
Target DLL:      STLink\ST-LINKIII-KEIL_SWO.dll V3.0.9.0
Dialog DLL:      TCM.DLL V1.53.0.0
 
<h2>Project:</h2>
D:\project_store\smartbrand\brandV1\MDK-ARM\brandv1.uvprojx
Project File Date:  11/13/2025

<h2>Output:</h2>
*** Using Compiler 'V5.06 update 7 (build 960)', folder: 'D:\Keil5\ARM\ARMCC\Bin'
Build target 'brandv1'
compiling tim.c...
compiling stm32f4xx_hal_msp.c...
compiling stm32f4xx_it.c...
compiling Motor.c...
..\Hardware\Motor.c(12): warning:  #188-D: enumerated type mixed with another type
    HAL_GPIO_WritePin(GPIOB,GPIO_PIN_10,1);
..\Hardware\Motor.c(14): warning:  #188-D: enumerated type mixed with another type
    HAL_GPIO_WritePin(GPIOB,GPIO_PIN_10,0);
..\Hardware\Motor.c: 2 warnings, 0 errors
compiling adc.c...
compiling gpio.c...
compiling usart.c...
compiling rtc.c...
compiling spi.c...
compiling UART.c...
..\Hardware\UART.c(35): warning:  #940-D: missing return statement at end of non-void function "_sys_exit" 
  	} 
..\Hardware\UART.c(43): warning:  #1-D: last line of file ends without a newline
  	#endif
..\Hardware\UART.c: 2 warnings, 0 errors
compiling LED.c...
..\Hardware\LED.c(8): warning:  #188-D: enumerated type mixed with another type
          HAL_GPIO_WritePin(LED1_GPIO_Port,LED1_Pin,1);
..\Hardware\LED.c(12): warning:  #188-D: enumerated type mixed with another type
          HAL_GPIO_WritePin(LED1_GPIO_Port,LED1_Pin,0);
..\Hardware\LED.c: 2 warnings, 0 errors
compiling main.c...
../Core/Src/main.c(115): warning:  #177-D: variable "result"  was declared but never referenced
      uint8_t result = 0;
../Core/Src/main.c(116): warning:  #177-D: variable "old_val"  was declared but never referenced
      uint8_t old_val = 0;
../Core/Src/main.c: 2 warnings, 0 errors
compiling Button.c...
compiling OLED.c...
..\Hardware\OLED.c(17): warning:  #188-D: enumerated type mixed with another type
  	OLED_RST_L;
..\Hardware\OLED.c(19): warning:  #188-D: enumerated type mixed with another type
  	OLED_RST_H;
..\Hardware\OLED.c(29): warning:  #188-D: enumerated type mixed with another type
      OLED_CS_L;
..\Hardware\OLED.c(30): warning:  #188-D: enumerated type mixed with another type
      (mode) ? OLED_DC_H:OLED_DC_L;
..\Hardware\OLED.c(30): warning:  #188-D: enumerated type mixed with another type
      (mode) ? OLED_DC_H:OLED_DC_L;
..\Hardware\OLED.c(32): warning:  #188-D: enumerated type mixed with another type
      OLED_CS_H;
..\Hardware\OLED.c: 6 warnings, 0 errors
compiling SHT20.c...
compiling menu.c...
compiling Font.c...
compiling MPU6050.c...
compiling inv_mpu_dmp_motion_driver.c...
compiling Timer.c...
compiling MyI2C.c...
compiling inv_mpu.c...
compiling MyRTC.c...
compiling HP6.c...
..\Hardware\HP6.c(108): warning:  #188-D: enumerated type mixed with another type
  	HP6_IIC_SCL_L;
..\Hardware\HP6.c(111): warning:  #188-D: enumerated type mixed with another type
  	HP6_IIC_SDA_OUT_H;
..\Hardware\HP6.c(113): warning:  #188-D: enumerated type mixed with another type
  	HP6_IIC_SCL_H;
..\Hardware\HP6.c(116): warning:  #188-D: enumerated type mixed with another type
  	HP6_IIC_SDA_OUT_L;
..\Hardware\HP6.c(120): warning:  #188-D: enumerated type mixed with another type
  	HP6_IIC_SCL_L;
..\Hardware\HP6.c(132): warning:  #188-D: enumerated type mixed with another type
  	HP6_IIC_SCL_L;       //为了可以动数据线
..\Hardware\HP6.c(133): warning:  #188-D: enumerated type mixed with another type
  	HP6_IIC_SDA_OUT_L;   //为了可以产生上升沿
..\Hardware\HP6.c(135): warning:  #188-D: enumerated type mixed with another type
  	HP6_IIC_SCL_H;       //为了产生停止信号
..\Hardware\HP6.c(137): warning:  #188-D: enumerated type mixed with another type
  	HP6_IIC_SDA_OUT_H;   //产生了上升沿，从而停止信号
..\Hardware\HP6.c(153): warning:  #188-D: enumerated type mixed with another type
  	HP6_IIC_SCL_L;             //为了可以动数据线
..\Hardware\HP6.c(157): warning:  #188-D: enumerated type mixed with another type
  		HP6_IIC_SDA_OUT_L;       //为了保持低电平  应答
..\Hardware\HP6.c(161): warning:  #188-D: enumerated type mixed with another type
  		HP6_IIC_SDA_OUT_H;       //为了保持高电平  不应答
..\Hardware\HP6.c(165): warning:  #188-D: enumerated type mixed with another type
  	HP6_IIC_SCL_H;             //产生应答信号
..\Hardware\HP6.c(170): warning:  #188-D: enumerated type mixed with another type
  	HP6_IIC_SCL_L;
..\Hardware\HP6.c(188): warning:  #188-D: enumerated type mixed with another type
  	HP6_IIC_SCL_L;
..\Hardware\HP6.c(189): warning:  #188-D: enumerated type mixed with another type
  	HP6_IIC_SDA_OUT_H; 
..\Hardware\HP6.c(191): warning:  #188-D: enumerated type mixed with another type
  	HP6_IIC_SCL_L;        //帮助从机拉低时钟线，从机就可以改变数据线了
..\Hardware\HP6.c(194): warning:  #188-D: enumerated type mixed with another type
  	HP6_IIC_SCL_H;        //从机产生了应答/不应答信号， 主机可以读数据线
..\Hardware\HP6.c(208): warning:  #188-D: enumerated type mixed with another type
  	HP6_IIC_SCL_L;
..\Hardware\HP6.c(234): warning:  #188-D: enumerated type mixed with another type
  		HP6_IIC_SCL_L;          //可以写数据
..\Hardware\HP6.c(238): warning:  #188-D: enumerated type mixed with another type
  			HP6_IIC_SDA_OUT_H;    //表示数据对应位是1
..\Hardware\HP6.c(242): warning:  #188-D: enumerated type mixed with another type
  			HP6_IIC_SDA_OUT_L;    //表示数据对应位是0
..\Hardware\HP6.c(246): warning:  #188-D: enumerated type mixed with another type
  		HP6_IIC_SCL_H;        //从机可以读数据
..\Hardware\HP6.c(254): warning:  #188-D: enumerated type mixed with another type
  	HP6_IIC_SCL_L; 
..\Hardware\HP6.c(271): warning:  #188-D: enumerated type mixed with another type
  	HP6_IIC_SCL_L; 
..\Hardware\HP6.c(272): warning:  #188-D: enumerated type mixed with another type
  	HP6_IIC_SDA_OUT_H; 
..\Hardware\HP6.c(276): warning:  #188-D: enumerated type mixed with another type
  		HP6_IIC_SCL_L;       //帮助从机拉低时钟线，可以写数据
..\Hardware\HP6.c(278): warning:  #188-D: enumerated type mixed with another type
  		HP6_IIC_SCL_H;	     //主机可以读数据
..\Hardware\HP6.c(289): warning:  #188-D: enumerated type mixed with another type
  	HP6_IIC_SCL_L;
..\Hardware\HP6.c(309): warning:  #177-D: variable "ack"  was declared but never referenced
  	u8 ack;
..\Hardware\HP6.c(431): warning:  #188-D: enumerated type mixed with another type
      HP6_IIC_SCL_H;
..\Hardware\HP6.c(432): warning:  #188-D: enumerated type mixed with another type
      HP6_IIC_SDA_OUT_H;
..\Hardware\HP6.c(435): warning:  #188-D: enumerated type mixed with another type
      HP6_Power0N;
..\Hardware\HP6.c: 33 warnings, 0 errors
linking...
Program Size: Code=17826 RO-data=13330 RW-data=264 ZI-data=2120  
FromELF: creating hex file...
"brandv1\brandv1.axf" - 0 Error(s), 47 Warning(s).

<h2>Software Packages used:</h2>

Package Vendor: ARM
                http://www.keil.com/pack/ARM.CMSIS.5.8.0.pack
                ARM.CMSIS.5.8.0
                CMSIS (Common Microcontroller Software Interface Standard)
   * Component: CORE Version: 5.5.0

Package Vendor: Keil
                http://www.keil.com/pack/Keil.STM32F4xx_DFP.2.7.0.pack
                Keil.STM32F4xx_DFP.2.7.0
                STMicroelectronics STM32F4 Series Device Support, Drivers and Examples

<h2>Collection of Component include folders:</h2>
  .\RTE\_brandv1
  D:\Keil5\ARM\CMSIS\5.8.0\CMSIS\Core\Include
  D:\Keil5\Keil\STM32F4xx_DFP\2.7.0\Drivers\CMSIS\Device\ST\STM32F4xx\Include

<h2>Collection of Component Files used:</h2>

   * Component: ARM::CMSIS:CORE:5.5.0
      Include file:  CMSIS\Core\Include\tz_context.h
Build Time Elapsed:  00:00:09
</pre>
</body>
</html>
