<html>
<body>
<pre>
<h1>µVision Build Log</h1>
<h2>Tool Versions:</h2>
IDE-Version: ¦ÌVision V5.36.0.0
Copyright (C) 2021 ARM Ltd and ARM Germany GmbH. All rights reserved.
License Information: sadf Orion, wf, LIC=8VRJ7-E7EFF-HLVCL-0I3JS-HGE9H-50784
 
Tool Versions:
Toolchain:       MDK-ARM Plus  Version: 5.36.0.0
Toolchain Path:  D:\Keil5\ARM\ARMCC\Bin
C Compiler:      Armcc.exe V5.06 update 7 (build 960)
Assembler:       Armasm.exe V5.06 update 7 (build 960)
Linker/Locator:  ArmLink.exe V5.06 update 7 (build 960)
Library Manager: ArmAr.exe V5.06 update 7 (build 960)
Hex Converter:   FromElf.exe V5.06 update 7 (build 960)
CPU DLL:         SARMCM3.DLL V5.36.0.0
Dialog DLL:      DCM.DLL V1.17.3.0
Target DLL:      STLink\ST-LINKIII-KEIL_SWO.dll V3.0.9.0
Dialog DLL:      TCM.DLL V1.53.0.0
 
<h2>Project:</h2>
D:\project_store\smartbrand\brandV1\MDK-ARM\brandv1.uvprojx
Project File Date:  11/13/2025

<h2>Output:</h2>
*** Using Compiler 'V5.06 update 7 (build 960)', folder: 'D:\Keil5\ARM\ARMCC\Bin'
Build target 'brandv1'
compiling menu.c...
..\Hardware\menu.c(173): warning:  #1035-D: single-precision operand implicitly converted to double-precision
       sprintf((char *)buff,"Ax:%0.1f Gx:%0.2f",(origin_data.ACCELX/ 16384.0 * 10),((float)origin_data.GYROX/16.4));
..\Hardware\menu.c(175): warning:  #1035-D: single-precision operand implicitly converted to double-precision
       sprintf((char *)buff,"Ay:%0.1f Gy:%0.1f",(origin_data.ACCELY/ 16384.0 * 10),((float)origin_data.GYROY/16.4));
..\Hardware\menu.c(177): warning:  #1035-D: single-precision operand implicitly converted to double-precision
       sprintf((char *)buff,"Az:%0.1f Gz:%0.1f",(origin_data.ACCELZ/ 16384.0 * 10),((float)origin_data.GYROZ/16.4));
..\Hardware\menu.c: 3 warnings, 0 errors
linking...
Program Size: Code=24668 RO-data=13504 RW-data=268 ZI-data=2124  
FromELF: creating hex file...
"brandv1\brandv1.axf" - 0 Error(s), 3 Warning(s).

<h2>Software Packages used:</h2>

Package Vendor: ARM
                http://www.keil.com/pack/ARM.CMSIS.5.8.0.pack
                ARM.CMSIS.5.8.0
                CMSIS (Common Microcontroller Software Interface Standard)
   * Component: CORE Version: 5.5.0

Package Vendor: Keil
                http://www.keil.com/pack/Keil.STM32F4xx_DFP.2.7.0.pack
                Keil.STM32F4xx_DFP.2.7.0
                STMicroelectronics STM32F4 Series Device Support, Drivers and Examples

<h2>Collection of Component include folders:</h2>
  .\RTE\_brandv1
  D:\Keil5\ARM\CMSIS\5.8.0\CMSIS\Core\Include
  D:\Keil5\Keil\STM32F4xx_DFP\2.7.0\Drivers\CMSIS\Device\ST\STM32F4xx\Include

<h2>Collection of Component Files used:</h2>

   * Component: ARM::CMSIS:CORE:5.5.0
      Include file:  CMSIS\Core\Include\tz_context.h
Build Time Elapsed:  00:00:01
</pre>
</body>
</html>
